Setting up virtual environment for processing /data/sarkar_lab/insitupy_demo_data_xenium/xenium_human_lung_cancer.h5ad...


Processing /data/sarkar_lab/insitupy_demo_data_xenium/xenium_human_lung_cancer.h5ad...


[2026-01-18 08:51:43,584] INFO spindle_dev.index: Clustering SPD-s using 'tree' distance.
[2026-01-18 08:51:43,599] INFO spindle_dev.index: Building ultrametric features from SPD matrices.
/panfs/accrepfs.vampire/home/sarkah1/miniforge3/envs/spatial/lib/python3.10/site-packages/scipy/cluster/hierarchy.py:1673: RuntimeWarning: invalid value encountered in scalar divide
  c = xp.sum(numerator) / xp.sqrt(xp.sum(denomA) * xp.sum(denomB))
[2026-01-18 08:51:54,598] INFO spindle_dev.index: Computing latent features from the tree representations.
[2026-01-18 08:51:55,696] INFO spindle_dev.index: Reducing latent features to 30 dimensions using PCA.
[2026-01-18 08:52:02,285] INFO spindle_dev.index: Explained variance ratios by PCA components: [0.0328614  0.02074485 0.01140492 0.00788271 0.00654937 0.00551079
 0.00487785 0.00442108 0.00411965 0.00376257 0.00348872 0.00346468
 0.00331665 0.00305813 0.00302168 0.00296301 0.00272664 0.00267984
 0.00263388 0.00257382 0.00251245 0.00249516 0.0024585  0.00242671
 0.00238647 0.0023464  0.00231849 0.00228553 0.00227161 0.00225024]
[2026-01-18 08:52:02,286] INFO spindle_dev.index: Reducing latent features to 2 dimensions using UMAP.
/panfs/accrepfs.vampire/home/sarkah1/miniforge3/envs/spatial/lib/python3.10/site-packages/umap/umap_.py:1952: UserWarning: n_jobs value 1 overridden to 1 by setting random_state. Use no seed for parallelism.
  warn(
[2026-01-18 08:52:12,014] INFO spindle_dev.index: Clustering SPD-s using 'tree' distance.
[2026-01-18 08:52:12,014] INFO spindle_dev.index: Clustering SPD matrices using Leiden clustering with resolution 0.50.
[2026-01-18 08:52:12,183] INFO spindle_dev.index: Since clustering method is tree, I am going to find global order per cluster
[2026-01-18 08:52:12,184] INFO spindle_dev.index: Finding consensus tree for cluster 0
[2026-01-18 08:52:12,464] INFO spindle_dev.index: Finding consensus tree for cluster 1
[2026-01-18 08:52:12,733] INFO spindle_dev.index: Finding consensus tree for cluster 2
[2026-01-18 08:52:12,962] INFO spindle_dev.index: Finding consensus tree for cluster 3
[2026-01-18 08:52:13,027] INFO spindle_dev.index: Finding consensus tree for cluster 4
[2026-01-18 08:52:13,054] INFO spindle_dev.index: Finding consensus tree for cluster 5
[2026-01-18 08:52:13,081] INFO spindle_dev.index: Finding consensus tree for cluster 6
[2026-01-18 08:52:13,642] INFO spindle_dev.index: Computing mean correlation matrix for cluster 0
[2026-01-18 08:52:15,401] INFO spindle_dev.index: Computing mean correlation matrix for cluster 1
[2026-01-18 08:52:17,101] INFO spindle_dev.index: Computing mean correlation matrix for cluster 2
[2026-01-18 08:52:18,426] INFO spindle_dev.index: Computing mean correlation matrix for cluster 3
[2026-01-18 08:52:18,788] INFO spindle_dev.index: Computing mean correlation matrix for cluster 4
[2026-01-18 08:52:18,923] INFO spindle_dev.index: Computing mean correlation matrix for cluster 5
[2026-01-18 08:52:19,034] INFO spindle_dev.index: Computing mean correlation matrix for cluster 6
[2026-01-18 08:52:19,091] INFO spindle_dev.index: Finding adaptive block runs for cluster 0
[2026-01-18 08:52:19,680] INFO spindle_dev.index:  Chose t=0.8916557251774895 resulting in 236 blocks instead of 161 blocks would have gotten by default
[2026-01-18 08:52:19,749] INFO spindle_dev.index:  Final block runs for cluster 0: 19 blocks.
[2026-01-18 08:52:19,749] INFO spindle_dev.index: Finding adaptive block runs for cluster 1
[2026-01-18 08:52:20,343] INFO spindle_dev.index:  Chose t=0.8930321866952864 resulting in 238 blocks instead of 165 blocks would have gotten by default
[2026-01-18 08:52:20,406] INFO spindle_dev.index:  Final block runs for cluster 1: 19 blocks.
[2026-01-18 08:52:20,406] INFO spindle_dev.index: Finding adaptive block runs for cluster 2
[2026-01-18 08:52:20,997] INFO spindle_dev.index:  Chose t=0.8579001161911946 resulting in 251 blocks instead of 142 blocks would have gotten by default
[2026-01-18 08:52:21,068] INFO spindle_dev.index:  Final block runs for cluster 2: 20 blocks.
[2026-01-18 08:52:21,068] INFO spindle_dev.index: Finding adaptive block runs for cluster 3
[2026-01-18 08:52:21,664] INFO spindle_dev.index:  Chose t=0.9169219175064776 resulting in 198 blocks instead of 193 blocks would have gotten by default
[2026-01-18 08:52:21,713] INFO spindle_dev.index:  Final block runs for cluster 3: 17 blocks.
[2026-01-18 08:52:21,713] INFO spindle_dev.index: Finding adaptive block runs for cluster 4
[2026-01-18 08:52:22,293] INFO spindle_dev.index:  Chose t=0.9520779171281959 resulting in 238 blocks instead of 298 blocks would have gotten by default
[2026-01-18 08:52:22,362] INFO spindle_dev.index:  Final block runs for cluster 4: 20 blocks.
[2026-01-18 08:52:22,362] INFO spindle_dev.index: Finding adaptive block runs for cluster 5
[2026-01-18 08:52:22,958] INFO spindle_dev.index:  Chose t=0.9093288131112657 resulting in 182 blocks instead of 161 blocks would have gotten by default
[2026-01-18 08:52:22,998] INFO spindle_dev.index:  Final block runs for cluster 5: 16 blocks.
[2026-01-18 08:52:22,998] INFO spindle_dev.index: Finding adaptive block runs for cluster 6
[2026-01-18 08:52:23,583] INFO spindle_dev.index:  Chose t=0.8837762877964697 resulting in 193 blocks instead of 120 blocks would have gotten by default
[2026-01-18 08:52:23,626] INFO spindle_dev.index:  Final block runs for cluster 6: 20 blocks.
[2026-01-18 08:52:29,924] INFO spindle_dev.index: Processing cluster 0
[2026-01-18 08:52:29,924] INFO spindle_dev.index: Building SPD index with epsilon=7.165912110462586
[2026-01-18 08:52:29,924] INFO spindle_dev.index: Step 1: Cluster blocks within each class of SPD matrices.
[2026-01-18 08:52:29,977] INFO spindle_dev.index: Cluster 0: 570 SPDs, 19 blocks
[2026-01-18 08:52:29,977] INFO spindle_dev.index:  Using epsilon-net clustering for block 0
[2026-01-18 08:52:30,037] INFO spindle_dev.index:  Finished block 0 in 0.06 seconds, found 4 clusters.
[2026-01-18 08:52:30,037] INFO spindle_dev.index:  Using epsilon-net clustering for block 1
[2026-01-18 08:52:30,085] INFO spindle_dev.index:  Finished block 1 in 0.05 seconds, found 3 clusters.
[2026-01-18 08:52:30,085] INFO spindle_dev.index:  Using epsilon-net clustering for block 2
[2026-01-18 08:52:30,137] INFO spindle_dev.index:  Finished block 2 in 0.05 seconds, found 3 clusters.
[2026-01-18 08:52:30,137] INFO spindle_dev.index:  Using epsilon-net clustering for block 3
[2026-01-18 08:52:30,193] INFO spindle_dev.index:  Finished block 3 in 0.06 seconds, found 4 clusters.
[2026-01-18 08:52:30,193] INFO spindle_dev.index:  Using epsilon-net clustering for block 4
[2026-01-18 08:52:30,244] INFO spindle_dev.index:  Finished block 4 in 0.05 seconds, found 3 clusters.
[2026-01-18 08:52:30,244] INFO spindle_dev.index:  Using epsilon-net clustering for block 5
[2026-01-18 08:52:30,295] INFO spindle_dev.index:  Finished block 5 in 0.05 seconds, found 3 clusters.
[2026-01-18 08:52:30,295] INFO spindle_dev.index:  Using epsilon-net clustering for block 6
[2026-01-18 08:52:30,366] INFO spindle_dev.index:  Finished block 6 in 0.07 seconds, found 6 clusters.
[2026-01-18 08:52:30,366] INFO spindle_dev.index:  Using epsilon-net clustering for block 7
[2026-01-18 08:52:30,411] INFO spindle_dev.index:  Finished block 7 in 0.05 seconds, found 2 clusters.
[2026-01-18 08:52:30,411] INFO spindle_dev.index:  Using epsilon-net clustering for block 8
[2026-01-18 08:52:30,476] INFO spindle_dev.index:  Finished block 8 in 0.07 seconds, found 5 clusters.
[2026-01-18 08:52:30,477] INFO spindle_dev.index:  Using epsilon-net clustering for block 9
[2026-01-18 08:52:30,543] INFO spindle_dev.index:  Finished block 9 in 0.07 seconds, found 5 clusters.
[2026-01-18 08:52:30,544] INFO spindle_dev.index:  Using epsilon-net clustering for block 10
[2026-01-18 08:52:30,618] INFO spindle_dev.index:  Finished block 10 in 0.07 seconds, found 4 clusters.
[2026-01-18 08:52:30,618] INFO spindle_dev.index:  Using epsilon-net clustering for block 11
[2026-01-18 08:52:30,681] INFO spindle_dev.index:  Finished block 11 in 0.06 seconds, found 4 clusters.
[2026-01-18 08:52:30,681] INFO spindle_dev.index:  Using epsilon-net clustering for block 12
[2026-01-18 08:52:30,756] INFO spindle_dev.index:  Finished block 12 in 0.08 seconds, found 6 clusters.
[2026-01-18 08:52:30,756] INFO spindle_dev.index:  Using epsilon-net clustering for block 13
[2026-01-18 08:52:30,820] INFO spindle_dev.index:  Finished block 13 in 0.06 seconds, found 3 clusters.
[2026-01-18 08:52:30,820] INFO spindle_dev.index:  Using epsilon-net clustering for block 14
[2026-01-18 08:52:31,087] INFO spindle_dev.index:  Finished block 14 in 0.27 seconds, found 14 clusters.
[2026-01-18 08:52:31,088] INFO spindle_dev.index:  Using epsilon-net clustering for block 15
[2026-01-18 08:52:31,159] INFO spindle_dev.index:  Finished block 15 in 0.07 seconds, found 3 clusters.
[2026-01-18 08:52:31,159] INFO spindle_dev.index:  Using epsilon-net clustering for block 16
[2026-01-18 08:52:31,227] INFO spindle_dev.index:  Finished block 16 in 0.07 seconds, found 5 clusters.
[2026-01-18 08:52:31,227] INFO spindle_dev.index:  Using epsilon-net clustering for block 17
[2026-01-18 08:52:31,347] INFO spindle_dev.index:  Finished block 17 in 0.12 seconds, found 11 clusters.
[2026-01-18 08:52:31,347] INFO spindle_dev.index:  Using epsilon-net clustering for block 18
[2026-01-18 08:52:31,515] INFO spindle_dev.index:  Finished block 18 in 0.17 seconds, found 2 clusters.
[2026-01-18 08:52:31,515] INFO spindle_dev.index: Step 2: Build DAG connections between block clusters.
[2026-01-18 08:52:31,515] INFO spindle_dev.index: Step 2.1: For each layer order the block-clusters by
[2026-01-18 08:52:31,515] INFO spindle_dev.index: Not implemented: ordering block-clusters ? How to order them?
[2026-01-18 08:52:31,515] INFO spindle_dev.index: We will use triangle inequality to order clusters.
[2026-01-18 08:52:31,515] INFO spindle_dev.index: Step 2.2: Connect block-clusters between layers based on co-occurrence in SPDs.
[2026-01-18 08:52:31,522] INFO spindle_dev.index: Check if node global_node_id matches index in nodes list
[2026-01-18 08:52:31,522] INFO spindle_dev.index: Step 2.3: Ordering block-clusters within each layer using log-Euclidean distances.
[2026-01-18 08:52:31,522] INFO spindle_dev.index: Processing cluster 1
[2026-01-18 08:52:31,522] INFO spindle_dev.index: Building SPD index with epsilon=7.762442485137031
[2026-01-18 08:52:31,522] INFO spindle_dev.index: Step 1: Cluster blocks within each class of SPD matrices.
[2026-01-18 08:52:31,571] INFO spindle_dev.index: Cluster 1: 546 SPDs, 19 blocks
[2026-01-18 08:52:31,571] INFO spindle_dev.index:  Using epsilon-net clustering for block 0
[2026-01-18 08:52:31,662] INFO spindle_dev.index:  Finished block 0 in 0.09 seconds, found 8 clusters.
[2026-01-18 08:52:31,662] INFO spindle_dev.index:  Using epsilon-net clustering for block 1
[2026-01-18 08:52:31,715] INFO spindle_dev.index:  Finished block 1 in 0.05 seconds, found 4 clusters.
[2026-01-18 08:52:31,715] INFO spindle_dev.index:  Using epsilon-net clustering for block 2
[2026-01-18 08:52:31,755] INFO spindle_dev.index:  Finished block 2 in 0.04 seconds, found 2 clusters.
[2026-01-18 08:52:31,755] INFO spindle_dev.index:  Using epsilon-net clustering for block 3
[2026-01-18 08:52:31,797] INFO spindle_dev.index:  Finished block 3 in 0.04 seconds, found 2 clusters.
[2026-01-18 08:52:31,797] INFO spindle_dev.index:  Using epsilon-net clustering for block 4
[2026-01-18 08:52:31,845] INFO spindle_dev.index:  Finished block 4 in 0.05 seconds, found 3 clusters.
[2026-01-18 08:52:31,845] INFO spindle_dev.index:  Using epsilon-net clustering for block 5
[2026-01-18 08:52:31,894] INFO spindle_dev.index:  Finished block 5 in 0.05 seconds, found 3 clusters.
[2026-01-18 08:52:31,894] INFO spindle_dev.index:  Using epsilon-net clustering for block 6
[2026-01-18 08:52:31,949] INFO spindle_dev.index:  Finished block 6 in 0.06 seconds, found 4 clusters.
[2026-01-18 08:52:31,949] INFO spindle_dev.index:  Using epsilon-net clustering for block 7
[2026-01-18 08:52:31,993] INFO spindle_dev.index:  Finished block 7 in 0.04 seconds, found 2 clusters.
[2026-01-18 08:52:31,993] INFO spindle_dev.index:  Using epsilon-net clustering for block 8
[2026-01-18 08:52:32,044] INFO spindle_dev.index:  Finished block 8 in 0.05 seconds, found 3 clusters.
[2026-01-18 08:52:32,044] INFO spindle_dev.index:  Using epsilon-net clustering for block 9
[2026-01-18 08:52:32,117] INFO spindle_dev.index:  Finished block 9 in 0.07 seconds, found 6 clusters.
[2026-01-18 08:52:32,117] INFO spindle_dev.index:  Using epsilon-net clustering for block 10
[2026-01-18 08:52:32,170] INFO spindle_dev.index:  Finished block 10 in 0.05 seconds, found 3 clusters.
[2026-01-18 08:52:32,170] INFO spindle_dev.index:  Using epsilon-net clustering for block 11
[2026-01-18 08:52:32,318] INFO spindle_dev.index:  Finished block 11 in 0.15 seconds, found 2 clusters.
[2026-01-18 08:52:32,318] INFO spindle_dev.index:  Using epsilon-net clustering for block 12
[2026-01-18 08:52:32,387] INFO spindle_dev.index:  Finished block 12 in 0.07 seconds, found 2 clusters.
[2026-01-18 08:52:32,388] INFO spindle_dev.index:  Using epsilon-net clustering for block 13
[2026-01-18 08:52:32,493] INFO spindle_dev.index:  Finished block 13 in 0.11 seconds, found 10 clusters.
[2026-01-18 08:52:32,493] INFO spindle_dev.index:  Using epsilon-net clustering for block 14
[2026-01-18 08:52:32,569] INFO spindle_dev.index:  Finished block 14 in 0.08 seconds, found 7 clusters.
[2026-01-18 08:52:32,569] INFO spindle_dev.index:  Using epsilon-net clustering for block 15
[2026-01-18 08:52:32,616] INFO spindle_dev.index:  Finished block 15 in 0.05 seconds, found 2 clusters.
[2026-01-18 08:52:32,616] INFO spindle_dev.index:  Using epsilon-net clustering for block 16
[2026-01-18 08:52:32,725] INFO spindle_dev.index:  Finished block 16 in 0.11 seconds, found 12 clusters.
[2026-01-18 08:52:32,725] INFO spindle_dev.index:  Using epsilon-net clustering for block 17
[2026-01-18 08:52:32,933] INFO spindle_dev.index:  Finished block 17 in 0.21 seconds, found 2 clusters.
[2026-01-18 08:52:32,934] INFO spindle_dev.index:  Using epsilon-net clustering for block 18
[2026-01-18 08:52:32,986] INFO spindle_dev.index:  Finished block 18 in 0.05 seconds, found 3 clusters.
[2026-01-18 08:52:32,986] INFO spindle_dev.index: Step 2: Build DAG connections between block clusters.
[2026-01-18 08:52:32,986] INFO spindle_dev.index: Step 2.1: For each layer order the block-clusters by
[2026-01-18 08:52:32,986] INFO spindle_dev.index: Not implemented: ordering block-clusters ? How to order them?
[2026-01-18 08:52:32,986] INFO spindle_dev.index: We will use triangle inequality to order clusters.
[2026-01-18 08:52:32,986] INFO spindle_dev.index: Step 2.2: Connect block-clusters between layers based on co-occurrence in SPDs.
[2026-01-18 08:52:32,992] INFO spindle_dev.index: Check if node global_node_id matches index in nodes list
[2026-01-18 08:52:32,993] INFO spindle_dev.index: Step 2.3: Ordering block-clusters within each layer using log-Euclidean distances.
[2026-01-18 08:52:32,993] INFO spindle_dev.index: Processing cluster 2
[2026-01-18 08:52:32,993] INFO spindle_dev.index: Building SPD index with epsilon=7.7284091430342725
[2026-01-18 08:52:32,993] INFO spindle_dev.index: Step 1: Cluster blocks within each class of SPD matrices.
[2026-01-18 08:52:33,033] INFO spindle_dev.index: Cluster 2: 449 SPDs, 20 blocks
[2026-01-18 08:52:33,033] INFO spindle_dev.index:  Using epsilon-net clustering for block 0
[2026-01-18 08:52:33,078] INFO spindle_dev.index:  Finished block 0 in 0.04 seconds, found 3 clusters.
[2026-01-18 08:52:33,078] INFO spindle_dev.index:  Using epsilon-net clustering for block 1
[2026-01-18 08:52:33,115] INFO spindle_dev.index:  Finished block 1 in 0.04 seconds, found 3 clusters.
[2026-01-18 08:52:33,115] INFO spindle_dev.index:  Using epsilon-net clustering for block 2
[2026-01-18 08:52:33,153] INFO spindle_dev.index:  Finished block 2 in 0.04 seconds, found 2 clusters.
[2026-01-18 08:52:33,153] INFO spindle_dev.index:  Using epsilon-net clustering for block 3
[2026-01-18 08:52:33,196] INFO spindle_dev.index:  Finished block 3 in 0.04 seconds, found 3 clusters.
[2026-01-18 08:52:33,196] INFO spindle_dev.index:  Using epsilon-net clustering for block 4
[2026-01-18 08:52:33,232] INFO spindle_dev.index:  Finished block 4 in 0.04 seconds, found 2 clusters.
[2026-01-18 08:52:33,232] INFO spindle_dev.index:  Using epsilon-net clustering for block 5
[2026-01-18 08:52:33,278] INFO spindle_dev.index:  Finished block 5 in 0.05 seconds, found 4 clusters.
[2026-01-18 08:52:33,278] INFO spindle_dev.index:  Using epsilon-net clustering for block 6
[2026-01-18 08:52:33,319] INFO spindle_dev.index:  Finished block 6 in 0.04 seconds, found 3 clusters.
[2026-01-18 08:52:33,320] INFO spindle_dev.index:  Using epsilon-net clustering for block 7
[2026-01-18 08:52:33,368] INFO spindle_dev.index:  Finished block 7 in 0.05 seconds, found 4 clusters.
[2026-01-18 08:52:33,368] INFO spindle_dev.index:  Using epsilon-net clustering for block 8
[2026-01-18 08:52:33,421] INFO spindle_dev.index:  Finished block 8 in 0.05 seconds, found 5 clusters.
[2026-01-18 08:52:33,421] INFO spindle_dev.index:  Using epsilon-net clustering for block 9
[2026-01-18 08:52:33,460] INFO spindle_dev.index:  Finished block 9 in 0.04 seconds, found 2 clusters.
[2026-01-18 08:52:33,460] INFO spindle_dev.index:  Using epsilon-net clustering for block 10
[2026-01-18 08:52:33,498] INFO spindle_dev.index:  Finished block 10 in 0.04 seconds, found 2 clusters.
[2026-01-18 08:52:33,498] INFO spindle_dev.index:  Using epsilon-net clustering for block 11
[2026-01-18 08:52:33,537] INFO spindle_dev.index:  Finished block 11 in 0.04 seconds, found 2 clusters.
[2026-01-18 08:52:33,537] INFO spindle_dev.index:  Using epsilon-net clustering for block 12
[2026-01-18 08:52:33,593] INFO spindle_dev.index:  Finished block 12 in 0.06 seconds, found 2 clusters.
[2026-01-18 08:52:33,593] INFO spindle_dev.index:  Using epsilon-net clustering for block 13
[2026-01-18 08:52:33,634] INFO spindle_dev.index:  Finished block 13 in 0.04 seconds, found 2 clusters.
[2026-01-18 08:52:33,634] INFO spindle_dev.index:  Using epsilon-net clustering for block 14
[2026-01-18 08:52:33,730] INFO spindle_dev.index:  Finished block 14 in 0.10 seconds, found 13 clusters.
[2026-01-18 08:52:33,730] INFO spindle_dev.index:  Using epsilon-net clustering for block 15
[2026-01-18 08:52:33,771] INFO spindle_dev.index:  Finished block 15 in 0.04 seconds, found 2 clusters.
[2026-01-18 08:52:33,771] INFO spindle_dev.index:  Using epsilon-net clustering for block 16
[2026-01-18 08:52:33,808] INFO spindle_dev.index:  Finished block 16 in 0.04 seconds, found 2 clusters.
[2026-01-18 08:52:33,808] INFO spindle_dev.index:  Using epsilon-net clustering for block 17
[2026-01-18 08:52:33,853] INFO spindle_dev.index:  Finished block 17 in 0.04 seconds, found 2 clusters.
[2026-01-18 08:52:33,853] INFO spindle_dev.index:  Using epsilon-net clustering for block 18
[2026-01-18 08:52:33,916] INFO spindle_dev.index:  Finished block 18 in 0.06 seconds, found 2 clusters.
[2026-01-18 08:52:33,916] INFO spindle_dev.index:  Using epsilon-net clustering for block 19
[2026-01-18 08:52:34,083] INFO spindle_dev.index:  Finished block 19 in 0.17 seconds, found 3 clusters.
[2026-01-18 08:52:34,083] INFO spindle_dev.index: Step 2: Build DAG connections between block clusters.
[2026-01-18 08:52:34,083] INFO spindle_dev.index: Step 2.1: For each layer order the block-clusters by
[2026-01-18 08:52:34,083] INFO spindle_dev.index: Not implemented: ordering block-clusters ? How to order them?
[2026-01-18 08:52:34,083] INFO spindle_dev.index: We will use triangle inequality to order clusters.
[2026-01-18 08:52:34,083] INFO spindle_dev.index: Step 2.2: Connect block-clusters between layers based on co-occurrence in SPDs.
[2026-01-18 08:52:34,089] INFO spindle_dev.index: Check if node global_node_id matches index in nodes list
[2026-01-18 08:52:34,089] INFO spindle_dev.index: Step 2.3: Ordering block-clusters within each layer using log-Euclidean distances.
[2026-01-18 08:52:34,089] INFO spindle_dev.index: Processing cluster 3
[2026-01-18 08:52:34,089] INFO spindle_dev.index: Building SPD index with epsilon=7.099307649198465
[2026-01-18 08:52:34,089] INFO spindle_dev.index: Step 1: Cluster blocks within each class of SPD matrices.
[2026-01-18 08:52:34,100] INFO spindle_dev.index: Cluster 3: 117 SPDs, 17 blocks
[2026-01-18 08:52:34,100] INFO spindle_dev.index:  Using epsilon-net clustering for block 0
[2026-01-18 08:52:34,116] INFO spindle_dev.index:  Finished block 0 in 0.02 seconds, found 5 clusters.
[2026-01-18 08:52:34,116] INFO spindle_dev.index:  Using epsilon-net clustering for block 1
[2026-01-18 08:52:34,124] INFO spindle_dev.index:  Finished block 1 in 0.01 seconds, found 2 clusters.
[2026-01-18 08:52:34,124] INFO spindle_dev.index:  Using epsilon-net clustering for block 2
[2026-01-18 08:52:34,135] INFO spindle_dev.index:  Finished block 2 in 0.01 seconds, found 4 clusters.
[2026-01-18 08:52:34,135] INFO spindle_dev.index:  Using epsilon-net clustering for block 3
[2026-01-18 08:52:34,145] INFO spindle_dev.index:  Finished block 3 in 0.01 seconds, found 3 clusters.
[2026-01-18 08:52:34,145] INFO spindle_dev.index:  Using epsilon-net clustering for block 4
[2026-01-18 08:52:34,156] INFO spindle_dev.index:  Finished block 4 in 0.01 seconds, found 4 clusters.
[2026-01-18 08:52:34,156] INFO spindle_dev.index:  Using epsilon-net clustering for block 5
[2026-01-18 08:52:34,166] INFO spindle_dev.index:  Finished block 5 in 0.01 seconds, found 3 clusters.
[2026-01-18 08:52:34,166] INFO spindle_dev.index:  Using epsilon-net clustering for block 6
[2026-01-18 08:52:34,175] INFO spindle_dev.index:  Finished block 6 in 0.01 seconds, found 2 clusters.
[2026-01-18 08:52:34,175] INFO spindle_dev.index:  Using epsilon-net clustering for block 7
[2026-01-18 08:52:34,186] INFO spindle_dev.index:  Finished block 7 in 0.01 seconds, found 4 clusters.
[2026-01-18 08:52:34,186] INFO spindle_dev.index:  Using epsilon-net clustering for block 8
[2026-01-18 08:52:34,197] INFO spindle_dev.index:  Finished block 8 in 0.01 seconds, found 3 clusters.
[2026-01-18 08:52:34,197] INFO spindle_dev.index:  Using epsilon-net clustering for block 9
[2026-01-18 08:52:34,207] INFO spindle_dev.index:  Finished block 9 in 0.01 seconds, found 3 clusters.
[2026-01-18 08:52:34,208] INFO spindle_dev.index:  Using epsilon-net clustering for block 10
[2026-01-18 08:52:34,223] INFO spindle_dev.index:  Finished block 10 in 0.02 seconds, found 7 clusters.
[2026-01-18 08:52:34,223] INFO spindle_dev.index:  Using epsilon-net clustering for block 11
[2026-01-18 08:52:34,233] INFO spindle_dev.index:  Finished block 11 in 0.01 seconds, found 2 clusters.
[2026-01-18 08:52:34,233] INFO spindle_dev.index:  Using epsilon-net clustering for block 12
[2026-01-18 08:52:34,243] INFO spindle_dev.index:  Finished block 12 in 0.01 seconds, found 2 clusters.
[2026-01-18 08:52:34,243] INFO spindle_dev.index:  Using epsilon-net clustering for block 13
[2026-01-18 08:52:34,273] INFO spindle_dev.index:  Finished block 13 in 0.03 seconds, found 3 clusters.
[2026-01-18 08:52:34,273] INFO spindle_dev.index:  Using epsilon-net clustering for block 14
[2026-01-18 08:52:34,301] INFO spindle_dev.index:  Finished block 14 in 0.03 seconds, found 2 clusters.
[2026-01-18 08:52:34,301] INFO spindle_dev.index:  Using epsilon-net clustering for block 15
[2026-01-18 08:52:34,332] INFO spindle_dev.index:  Finished block 15 in 0.03 seconds, found 6 clusters.
[2026-01-18 08:52:34,332] INFO spindle_dev.index:  Using epsilon-net clustering for block 16
[2026-01-18 08:52:34,384] INFO spindle_dev.index:  Finished block 16 in 0.05 seconds, found 13 clusters.
[2026-01-18 08:52:34,384] INFO spindle_dev.index: Step 2: Build DAG connections between block clusters.
[2026-01-18 08:52:34,385] INFO spindle_dev.index: Step 2.1: For each layer order the block-clusters by
[2026-01-18 08:52:34,385] INFO spindle_dev.index: Not implemented: ordering block-clusters ? How to order them?
[2026-01-18 08:52:34,385] INFO spindle_dev.index: We will use triangle inequality to order clusters.
[2026-01-18 08:52:34,385] INFO spindle_dev.index: Step 2.2: Connect block-clusters between layers based on co-occurrence in SPDs.
[2026-01-18 08:52:34,386] INFO spindle_dev.index: Check if node global_node_id matches index in nodes list
[2026-01-18 08:52:34,386] INFO spindle_dev.index: Step 2.3: Ordering block-clusters within each layer using log-Euclidean distances.
[2026-01-18 08:52:34,386] INFO spindle_dev.index: Processing cluster 4
[2026-01-18 08:52:34,386] INFO spindle_dev.index: Building SPD index with epsilon=5.602971914473429
[2026-01-18 08:52:34,386] INFO spindle_dev.index: Step 1: Cluster blocks within each class of SPD matrices.
[2026-01-18 08:52:34,389] INFO spindle_dev.index: Cluster 4: 38 SPDs, 20 blocks
[2026-01-18 08:52:34,389] INFO spindle_dev.index:  Using epsilon-net clustering for block 0
[2026-01-18 08:52:34,396] INFO spindle_dev.index:  Finished block 0 in 0.01 seconds, found 9 clusters.
[2026-01-18 08:52:34,396] INFO spindle_dev.index:  Using epsilon-net clustering for block 1
[2026-01-18 08:52:34,404] INFO spindle_dev.index:  Finished block 1 in 0.01 seconds, found 15 clusters.
[2026-01-18 08:52:34,404] INFO spindle_dev.index:  Using epsilon-net clustering for block 2
[2026-01-18 08:52:34,409] INFO spindle_dev.index:  Finished block 2 in 0.00 seconds, found 5 clusters.
[2026-01-18 08:52:34,409] INFO spindle_dev.index:  Using epsilon-net clustering for block 3
[2026-01-18 08:52:34,416] INFO spindle_dev.index:  Finished block 3 in 0.01 seconds, found 12 clusters.
[2026-01-18 08:52:34,416] INFO spindle_dev.index:  Using epsilon-net clustering for block 4
[2026-01-18 08:52:34,421] INFO spindle_dev.index:  Finished block 4 in 0.00 seconds, found 7 clusters.
[2026-01-18 08:52:34,421] INFO spindle_dev.index:  Using epsilon-net clustering for block 5
[2026-01-18 08:52:34,424] INFO spindle_dev.index:  Finished block 5 in 0.00 seconds, found 3 clusters.
[2026-01-18 08:52:34,424] INFO spindle_dev.index:  Using epsilon-net clustering for block 6
[2026-01-18 08:52:34,431] INFO spindle_dev.index:  Finished block 6 in 0.01 seconds, found 13 clusters.
[2026-01-18 08:52:34,432] INFO spindle_dev.index:  Using epsilon-net clustering for block 7
[2026-01-18 08:52:34,436] INFO spindle_dev.index:  Finished block 7 in 0.00 seconds, found 5 clusters.
[2026-01-18 08:52:34,436] INFO spindle_dev.index:  Using epsilon-net clustering for block 8
[2026-01-18 08:52:34,439] INFO spindle_dev.index:  Finished block 8 in 0.00 seconds, found 3 clusters.
[2026-01-18 08:52:34,439] INFO spindle_dev.index:  Using epsilon-net clustering for block 9
[2026-01-18 08:52:34,446] INFO spindle_dev.index:  Finished block 9 in 0.01 seconds, found 13 clusters.
[2026-01-18 08:52:34,446] INFO spindle_dev.index:  Using epsilon-net clustering for block 10
[2026-01-18 08:52:34,450] INFO spindle_dev.index:  Finished block 10 in 0.00 seconds, found 5 clusters.
[2026-01-18 08:52:34,450] INFO spindle_dev.index:  Using epsilon-net clustering for block 11
[2026-01-18 08:52:34,453] INFO spindle_dev.index:  Finished block 11 in 0.00 seconds, found 2 clusters.
[2026-01-18 08:52:34,453] INFO spindle_dev.index:  Using epsilon-net clustering for block 12
[2026-01-18 08:52:34,456] INFO spindle_dev.index:  Finished block 12 in 0.00 seconds, found 2 clusters.
[2026-01-18 08:52:34,456] INFO spindle_dev.index:  Using epsilon-net clustering for block 13
[2026-01-18 08:52:34,460] INFO spindle_dev.index:  Finished block 13 in 0.00 seconds, found 5 clusters.
[2026-01-18 08:52:34,461] INFO spindle_dev.index:  Using epsilon-net clustering for block 14
[2026-01-18 08:52:34,465] INFO spindle_dev.index:  Finished block 14 in 0.00 seconds, found 6 clusters.
[2026-01-18 08:52:34,465] INFO spindle_dev.index:  Using epsilon-net clustering for block 15
[2026-01-18 08:52:34,469] INFO spindle_dev.index:  Finished block 15 in 0.00 seconds, found 3 clusters.
[2026-01-18 08:52:34,469] INFO spindle_dev.index:  Using epsilon-net clustering for block 16
[2026-01-18 08:52:34,472] INFO spindle_dev.index:  Finished block 16 in 0.00 seconds, found 2 clusters.
[2026-01-18 08:52:34,472] INFO spindle_dev.index:  Using epsilon-net clustering for block 17
[2026-01-18 08:52:34,479] INFO spindle_dev.index:  Finished block 17 in 0.01 seconds, found 8 clusters.
[2026-01-18 08:52:34,479] INFO spindle_dev.index:  Using epsilon-net clustering for block 18
[2026-01-18 08:52:34,486] INFO spindle_dev.index:  Finished block 18 in 0.01 seconds, found 3 clusters.
[2026-01-18 08:52:34,486] INFO spindle_dev.index:  Using epsilon-net clustering for block 19
[2026-01-18 08:52:34,501] INFO spindle_dev.index:  Finished block 19 in 0.01 seconds, found 13 clusters.
[2026-01-18 08:52:34,501] INFO spindle_dev.index: Step 2: Build DAG connections between block clusters.
[2026-01-18 08:52:34,501] INFO spindle_dev.index: Step 2.1: For each layer order the block-clusters by
[2026-01-18 08:52:34,501] INFO spindle_dev.index: Not implemented: ordering block-clusters ? How to order them?
[2026-01-18 08:52:34,501] INFO spindle_dev.index: We will use triangle inequality to order clusters.
[2026-01-18 08:52:34,501] INFO spindle_dev.index: Step 2.2: Connect block-clusters between layers based on co-occurrence in SPDs.
[2026-01-18 08:52:34,502] INFO spindle_dev.index: Check if node global_node_id matches index in nodes list
[2026-01-18 08:52:34,502] INFO spindle_dev.index: Step 2.3: Ordering block-clusters within each layer using log-Euclidean distances.
[2026-01-18 08:52:34,502] INFO spindle_dev.index: Processing cluster 5
[2026-01-18 08:52:34,502] INFO spindle_dev.index: Building SPD index with epsilon=6.036364671955165
[2026-01-18 08:52:34,502] INFO spindle_dev.index: Step 1: Cluster blocks within each class of SPD matrices.
[2026-01-18 08:52:34,509] INFO spindle_dev.index: Cluster 5: 37 SPDs, 16 blocks
[2026-01-18 08:52:34,509] INFO spindle_dev.index:  Using epsilon-net clustering for block 0
[2026-01-18 08:52:34,517] INFO spindle_dev.index:  Finished block 0 in 0.01 seconds, found 12 clusters.
[2026-01-18 08:52:34,517] INFO spindle_dev.index:  Using epsilon-net clustering for block 1
[2026-01-18 08:52:34,520] INFO spindle_dev.index:  Finished block 1 in 0.00 seconds, found 4 clusters.
[2026-01-18 08:52:34,520] INFO spindle_dev.index:  Using epsilon-net clustering for block 2
[2026-01-18 08:52:34,525] INFO spindle_dev.index:  Finished block 2 in 0.00 seconds, found 6 clusters.
[2026-01-18 08:52:34,525] INFO spindle_dev.index:  Using epsilon-net clustering for block 3
[2026-01-18 08:52:34,528] INFO spindle_dev.index:  Finished block 3 in 0.00 seconds, found 2 clusters.
[2026-01-18 08:52:34,528] INFO spindle_dev.index:  Using epsilon-net clustering for block 4
[2026-01-18 08:52:34,531] INFO spindle_dev.index:  Finished block 4 in 0.00 seconds, found 3 clusters.
[2026-01-18 08:52:34,531] INFO spindle_dev.index:  Using epsilon-net clustering for block 5
[2026-01-18 08:52:34,538] INFO spindle_dev.index:  Finished block 5 in 0.01 seconds, found 11 clusters.
[2026-01-18 08:52:34,538] INFO spindle_dev.index:  Using epsilon-net clustering for block 6
[2026-01-18 08:52:34,542] INFO spindle_dev.index:  Finished block 6 in 0.00 seconds, found 4 clusters.
[2026-01-18 08:52:34,542] INFO spindle_dev.index:  Using epsilon-net clustering for block 7
[2026-01-18 08:52:34,546] INFO spindle_dev.index:  Finished block 7 in 0.00 seconds, found 4 clusters.
[2026-01-18 08:52:34,546] INFO spindle_dev.index:  Using epsilon-net clustering for block 8
[2026-01-18 08:52:34,551] INFO spindle_dev.index:  Finished block 8 in 0.01 seconds, found 8 clusters.
[2026-01-18 08:52:34,552] INFO spindle_dev.index:  Using epsilon-net clustering for block 9
[2026-01-18 08:52:34,556] INFO spindle_dev.index:  Finished block 9 in 0.00 seconds, found 4 clusters.
[2026-01-18 08:52:34,556] INFO spindle_dev.index:  Using epsilon-net clustering for block 10
[2026-01-18 08:52:34,560] INFO spindle_dev.index:  Finished block 10 in 0.00 seconds, found 4 clusters.
[2026-01-18 08:52:34,560] INFO spindle_dev.index:  Using epsilon-net clustering for block 11
[2026-01-18 08:52:34,576] INFO spindle_dev.index:  Finished block 11 in 0.02 seconds, found 12 clusters.
[2026-01-18 08:52:34,576] INFO spindle_dev.index:  Using epsilon-net clustering for block 12
[2026-01-18 08:52:34,587] INFO spindle_dev.index:  Finished block 12 in 0.01 seconds, found 4 clusters.
[2026-01-18 08:52:34,587] INFO spindle_dev.index:  Using epsilon-net clustering for block 13
[2026-01-18 08:52:34,593] INFO spindle_dev.index:  Finished block 13 in 0.01 seconds, found 3 clusters.
[2026-01-18 08:52:34,593] INFO spindle_dev.index:  Using epsilon-net clustering for block 14
[2026-01-18 08:52:34,610] INFO spindle_dev.index:  Finished block 14 in 0.02 seconds, found 6 clusters.
[2026-01-18 08:52:34,610] INFO spindle_dev.index:  Using epsilon-net clustering for block 15
[2026-01-18 08:52:34,618] INFO spindle_dev.index:  Finished block 15 in 0.01 seconds, found 7 clusters.
[2026-01-18 08:52:34,618] INFO spindle_dev.index: Step 2: Build DAG connections between block clusters.
[2026-01-18 08:52:34,618] INFO spindle_dev.index: Step 2.1: For each layer order the block-clusters by
[2026-01-18 08:52:34,618] INFO spindle_dev.index: Not implemented: ordering block-clusters ? How to order them?
[2026-01-18 08:52:34,618] INFO spindle_dev.index: We will use triangle inequality to order clusters.
[2026-01-18 08:52:34,618] INFO spindle_dev.index: Step 2.2: Connect block-clusters between layers based on co-occurrence in SPDs.
[2026-01-18 08:52:34,619] INFO spindle_dev.index: Check if node global_node_id matches index in nodes list
[2026-01-18 08:52:34,619] INFO spindle_dev.index: Step 2.3: Ordering block-clusters within each layer using log-Euclidean distances.
[2026-01-18 08:52:34,619] INFO spindle_dev.index: Processing cluster 6
[2026-01-18 08:52:34,619] INFO spindle_dev.index: Building SPD index with epsilon=5.3391807709498025
[2026-01-18 08:52:34,619] INFO spindle_dev.index: Step 1: Cluster blocks within each class of SPD matrices.
[2026-01-18 08:52:34,621] INFO spindle_dev.index: Cluster 6: 20 SPDs, 20 blocks
[2026-01-18 08:52:34,621] INFO spindle_dev.index:  Using epsilon-net clustering for block 0
[2026-01-18 08:52:34,623] INFO spindle_dev.index:  Finished block 0 in 0.00 seconds, found 3 clusters.
[2026-01-18 08:52:34,623] INFO spindle_dev.index:  Using epsilon-net clustering for block 1
[2026-01-18 08:52:34,626] INFO spindle_dev.index:  Finished block 1 in 0.00 seconds, found 8 clusters.
[2026-01-18 08:52:34,626] INFO spindle_dev.index:  Using epsilon-net clustering for block 2
[2026-01-18 08:52:34,629] INFO spindle_dev.index:  Finished block 2 in 0.00 seconds, found 5 clusters.
[2026-01-18 08:52:34,629] INFO spindle_dev.index:  Using epsilon-net clustering for block 3
[2026-01-18 08:52:34,631] INFO spindle_dev.index:  Finished block 3 in 0.00 seconds, found 3 clusters.
[2026-01-18 08:52:34,631] INFO spindle_dev.index:  Using epsilon-net clustering for block 4
[2026-01-18 08:52:34,633] INFO spindle_dev.index:  Finished block 4 in 0.00 seconds, found 3 clusters.
[2026-01-18 08:52:34,633] INFO spindle_dev.index:  Using epsilon-net clustering for block 5
[2026-01-18 08:52:34,635] INFO spindle_dev.index:  Finished block 5 in 0.00 seconds, found 4 clusters.
[2026-01-18 08:52:34,635] INFO spindle_dev.index:  Using epsilon-net clustering for block 6
[2026-01-18 08:52:34,637] INFO spindle_dev.index:  Finished block 6 in 0.00 seconds, found 3 clusters.
[2026-01-18 08:52:34,637] INFO spindle_dev.index:  Using epsilon-net clustering for block 7
[2026-01-18 08:52:34,639] INFO spindle_dev.index:  Finished block 7 in 0.00 seconds, found 2 clusters.
[2026-01-18 08:52:34,639] INFO spindle_dev.index:  Using epsilon-net clustering for block 8
[2026-01-18 08:52:34,641] INFO spindle_dev.index:  Finished block 8 in 0.00 seconds, found 5 clusters.
[2026-01-18 08:52:34,641] INFO spindle_dev.index:  Using epsilon-net clustering for block 9
[2026-01-18 08:52:34,646] INFO spindle_dev.index:  Finished block 9 in 0.00 seconds, found 14 clusters.
[2026-01-18 08:52:34,646] INFO spindle_dev.index:  Using epsilon-net clustering for block 10
[2026-01-18 08:52:34,648] INFO spindle_dev.index:  Finished block 10 in 0.00 seconds, found 3 clusters.
[2026-01-18 08:52:34,648] INFO spindle_dev.index:  Using epsilon-net clustering for block 11
[2026-01-18 08:52:34,650] INFO spindle_dev.index:  Finished block 11 in 0.00 seconds, found 2 clusters.
[2026-01-18 08:52:34,650] INFO spindle_dev.index:  Using epsilon-net clustering for block 12
[2026-01-18 08:52:34,652] INFO spindle_dev.index:  Finished block 12 in 0.00 seconds, found 4 clusters.
[2026-01-18 08:52:34,652] INFO spindle_dev.index:  Using epsilon-net clustering for block 13
[2026-01-18 08:52:34,655] INFO spindle_dev.index:  Finished block 13 in 0.00 seconds, found 3 clusters.
[2026-01-18 08:52:34,655] INFO spindle_dev.index:  Using epsilon-net clustering for block 14
[2026-01-18 08:52:34,657] INFO spindle_dev.index:  Finished block 14 in 0.00 seconds, found 2 clusters.
[2026-01-18 08:52:34,657] INFO spindle_dev.index:  Using epsilon-net clustering for block 15
[2026-01-18 08:52:34,665] INFO spindle_dev.index:  Finished block 15 in 0.01 seconds, found 4 clusters.
[2026-01-18 08:52:34,665] INFO spindle_dev.index:  Using epsilon-net clustering for block 16
[2026-01-18 08:52:34,667] INFO spindle_dev.index:  Finished block 16 in 0.00 seconds, found 2 clusters.
[2026-01-18 08:52:34,667] INFO spindle_dev.index:  Using epsilon-net clustering for block 17
[2026-01-18 08:52:34,669] INFO spindle_dev.index:  Finished block 17 in 0.00 seconds, found 3 clusters.
[2026-01-18 08:52:34,669] INFO spindle_dev.index:  Using epsilon-net clustering for block 18
[2026-01-18 08:52:34,671] INFO spindle_dev.index:  Finished block 18 in 0.00 seconds, found 2 clusters.
[2026-01-18 08:52:34,671] INFO spindle_dev.index:  Using epsilon-net clustering for block 19
[2026-01-18 08:52:34,674] INFO spindle_dev.index:  Finished block 19 in 0.00 seconds, found 3 clusters.
[2026-01-18 08:52:34,674] INFO spindle_dev.index: Step 2: Build DAG connections between block clusters.
[2026-01-18 08:52:34,674] INFO spindle_dev.index: Step 2.1: For each layer order the block-clusters by
[2026-01-18 08:52:34,674] INFO spindle_dev.index: Not implemented: ordering block-clusters ? How to order them?
[2026-01-18 08:52:34,674] INFO spindle_dev.index: We will use triangle inequality to order clusters.
[2026-01-18 08:52:34,674] INFO spindle_dev.index: Step 2.2: Connect block-clusters between layers based on co-occurrence in SPDs.
[2026-01-18 08:52:34,675] INFO spindle_dev.index: Check if node global_node_id matches index in nodes list
[2026-01-18 08:52:34,675] INFO spindle_dev.index: Step 2.3: Ordering block-clusters within each layer using log-Euclidean distances.
[2026-01-18 08:52:35,170] INFO spindle_dev.test: Built ground-truth paths for 570 SPDs in cluster 0 across 19 blocks.
[2026-01-18 08:52:35,418] INFO spindle_dev.test: Built ground-truth paths for 546 SPDs in cluster 1 across 19 blocks.
[2026-01-18 08:52:35,598] INFO spindle_dev.test: Built ground-truth paths for 449 SPDs in cluster 2 across 20 blocks.
[2026-01-18 08:52:35,611] INFO spindle_dev.test: Built ground-truth paths for 117 SPDs in cluster 3 across 17 blocks.
[2026-01-18 08:52:35,613] INFO spindle_dev.test: Built ground-truth paths for 38 SPDs in cluster 4 across 20 blocks.
[2026-01-18 08:52:35,615] INFO spindle_dev.test: Built ground-truth paths for 37 SPDs in cluster 5 across 16 blocks.
[2026-01-18 08:52:35,616] INFO spindle_dev.test: Built ground-truth paths for 20 SPDs in cluster 6 across 20 blocks.
[2026-01-18 08:52:35,616] INFO spindle_dev.test: Created ground-truth paths for all clusters.
[2026-01-18 08:52:35,616] INFO spindle_dev.test: Search config: SearchConfig(max_results=2, max_failed_starts=5, max_failed_paths=10, total_paths_limit=1000, deterministic=DeterministicConfig(seed=0), debug=False)
[2026-01-18 08:52:35,618] INFO spindle_dev.test: Running sanity search with 200 queries.
Processing file: /data/sarkar_lab/insitupy_demo_data_xenium/xenium_human_lung_cancer.h5ad with 162254 spots and 377 genes.
  0%|          | 0/200 [00:00<?, ?it/s]  0%|          | 1/200 [00:12<41:08, 12.40s/it]  1%|          | 2/200 [00:13<18:30,  5.61s/it]  2%|▏         | 3/200 [00:14<11:29,  3.50s/it]  2%|▏         | 4/200 [00:28<25:48,  7.90s/it]  2%|▎         | 5/200 [00:43<33:35, 10.34s/it]  3%|▎         | 6/200 [00:55<35:34, 11.00s/it]  4%|▎         | 7/200 [01:11<39:47, 12.37s/it]  4%|▍         | 8/200 [01:22<38:44, 12.11s/it]  4%|▍         | 9/200 [01:38<41:56, 13.18s/it]  5%|▌         | 10/200 [01:52<43:24, 13.71s/it]  6%|▌         | 11/200 [01:55<32:50, 10.42s/it]  6%|▌         | 12/200 [02:10<36:09, 11.54s/it]  6%|▋         | 13/200 [02:22<36:31, 11.72s/it]  7%|▋         | 14/200 [02:34<36:38, 11.82s/it]  8%|▊         | 15/200 [02:46<36:53, 11.96s/it]  8%|▊         | 16/200 [02:58<37:03, 12.08s/it]  8%|▊         | 17/200 [03:13<39:28, 12.94s/it]  9%|▉         | 18/200 [03:16<30:09,  9.94s/it] 10%|▉         | 19/200 [03:29<32:07, 10.65s/it] 10%|█         | 20/200 [03:44<36:19, 12.11s/it] 10%|█         | 21/200 [03:59<38:20, 12.85s/it] 11%|█         | 22/200 [04:14<40:19, 13.59s/it] 12%|█▏        | 23/200 [04:29<41:09, 13.95s/it] 12%|█▏        | 24/200 [04:43<41:28, 14.14s/it] 12%|█▎        | 25/200 [04:58<41:44, 14.31s/it] 13%|█▎        | 26/200 [05:14<42:29, 14.65s/it] 14%|█▎        | 27/200 [05:28<42:17, 14.67s/it] 14%|█▍        | 28/200 [05:44<42:47, 14.93s/it] 14%|█▍        | 29/200 [05:59<42:53, 15.05s/it] 15%|█▌        | 30/200 [06:14<42:32, 15.02s/it] 16%|█▌        | 31/200 [06:26<39:19, 13.96s/it] 16%|█▌        | 32/200 [06:26<28:08, 10.05s/it] 16%|█▋        | 33/200 [06:42<32:22, 11.63s/it] 17%|█▋        | 34/200 [06:56<34:28, 12.46s/it] 18%|█▊        | 35/200 [07:11<36:28, 13.26s/it] 18%|█▊        | 36/200 [07:24<35:21, 12.94s/it] 18%|█▊        | 37/200 [07:26<26:59,  9.93s/it] 19%|█▉        | 38/200 [07:41<30:38, 11.35s/it] 20%|█▉        | 39/200 [07:56<33:11, 12.37s/it] 20%|██        | 40/200 [08:11<34:49, 13.06s/it] 20%|██        | 41/200 [08:23<33:49, 12.77s/it] 21%|██        | 42/200 [08:35<33:06, 12.57s/it] 22%|██▏       | 43/200 [08:50<35:09, 13.44s/it] 22%|██▏       | 44/200 [09:05<36:08, 13.90s/it] 22%|██▎       | 45/200 [09:20<36:33, 14.15s/it] 23%|██▎       | 46/200 [09:35<36:52, 14.36s/it] 24%|██▎       | 47/200 [09:47<35:02, 13.74s/it] 24%|██▍       | 48/200 [10:02<35:38, 14.07s/it] 24%|██▍       | 49/200 [10:18<36:40, 14.58s/it] 25%|██▌       | 50/200 [10:33<36:49, 14.73s/it] 26%|██▌       | 51/200 [10:48<36:43, 14.79s/it] 26%|██▌       | 52/200 [10:51<27:51, 11.30s/it] 26%|██▋       | 53/200 [11:03<28:17, 11.54s/it] 27%|██▋       | 54/200 [11:15<28:28, 11.70s/it] 28%|██▊       | 55/200 [11:30<30:53, 12.78s/it] 28%|██▊       | 56/200 [11:46<32:32, 13.56s/it] 28%|██▊       | 57/200 [12:01<33:22, 14.01s/it] 29%|██▉       | 58/200 [12:15<33:26, 14.13s/it] 30%|██▉       | 59/200 [12:29<32:59, 14.04s/it] 30%|███       | 60/200 [12:41<31:27, 13.48s/it] 30%|███       | 61/200 [12:56<32:17, 13.94s/it] 31%|███       | 62/200 [12:59<24:31, 10.66s/it] 32%|███▏      | 63/200 [13:15<27:46, 12.17s/it] 32%|███▏      | 64/200 [13:30<29:25, 12.98s/it] 32%|███▎      | 65/200 [13:45<30:36, 13.60s/it] 33%|███▎      | 66/200 [14:00<31:27, 14.09s/it] 34%|███▎      | 67/200 [14:12<29:59, 13.53s/it] 34%|███▍      | 68/200 [14:27<30:29, 13.86s/it] 34%|███▍      | 69/200 [14:42<31:16, 14.33s/it] 35%|███▌      | 70/200 [14:57<31:21, 14.47s/it] 36%|███▌      | 71/200 [14:58<22:08, 10.30s/it] 36%|███▌      | 72/200 [15:12<24:47, 11.62s/it] 36%|███▋      | 73/200 [15:13<17:48,  8.41s/it] 37%|███▋      | 74/200 [15:28<21:43, 10.35s/it] 38%|███▊      | 75/200 [15:29<15:42,  7.54s/it] 38%|███▊      | 76/200 [15:44<19:57,  9.66s/it] 38%|███▊      | 77/200 [15:59<23:20, 11.38s/it] 39%|███▉      | 78/200 [16:14<25:20, 12.46s/it] 40%|███▉      | 79/200 [16:29<26:28, 13.13s/it] 40%|████      | 80/200 [16:44<27:22, 13.69s/it] 40%|████      | 81/200 [16:56<26:16, 13.25s/it] 41%|████      | 82/200 [17:11<27:16, 13.87s/it] 42%|████▏     | 83/200 [17:26<27:46, 14.24s/it] 42%|████▏     | 84/200 [17:38<26:12, 13.56s/it] 42%|████▎     | 85/200 [17:41<19:51, 10.36s/it] 43%|████▎     | 86/200 [17:54<20:44, 10.91s/it] 44%|████▎     | 87/200 [18:08<22:38, 12.02s/it] 44%|████▍     | 88/200 [18:23<24:13, 12.98s/it] 44%|████▍     | 89/200 [18:39<25:19, 13.69s/it] 45%|████▌     | 90/200 [18:51<24:18, 13.26s/it] 46%|████▌     | 91/200 [19:06<24:55, 13.72s/it] 46%|████▌     | 92/200 [19:21<25:44, 14.30s/it] 46%|████▋     | 93/200 [19:37<26:23, 14.80s/it] 47%|████▋     | 94/200 [19:54<26:57, 15.26s/it] 48%|████▊     | 95/200 [20:06<25:03, 14.32s/it] 48%|████▊     | 96/200 [20:21<25:12, 14.54s/it] 48%|████▊     | 97/200 [20:35<25:00, 14.56s/it] 49%|████▉     | 98/200 [20:48<23:37, 13.90s/it] 50%|████▉     | 99/200 [20:49<16:52, 10.03s/it] 50%|█████     | 100/200 [21:04<19:13, 11.53s/it] 50%|█████     | 101/200 [21:19<20:55, 12.68s/it] 51%|█████     | 102/200 [21:20<14:59,  9.18s/it] 52%|█████▏    | 103/200 [21:35<17:43, 10.96s/it] 52%|█████▏    | 104/200 [21:51<19:43, 12.33s/it] 52%|█████▎    | 105/200 [22:06<20:45, 13.11s/it] 53%|█████▎    | 106/200 [22:21<21:19, 13.61s/it] 54%|█████▎    | 107/200 [22:35<21:40, 13.98s/it] 54%|█████▍    | 108/200 [22:50<21:43, 14.17s/it] 55%|█████▍    | 109/200 [23:05<21:40, 14.29s/it] 55%|█████▌    | 110/200 [23:19<21:38, 14.43s/it] 56%|█████▌    | 111/200 [23:34<21:36, 14.56s/it] 56%|█████▌    | 112/200 [23:50<21:43, 14.81s/it] 56%|█████▋    | 113/200 [24:02<20:20, 14.03s/it] 57%|█████▋    | 114/200 [24:17<20:38, 14.40s/it] 57%|█████▊    | 115/200 [24:29<19:22, 13.67s/it] 58%|█████▊    | 116/200 [24:43<19:22, 13.83s/it] 58%|█████▊    | 117/200 [24:59<19:48, 14.32s/it] 59%|█████▉    | 118/200 [25:00<14:03, 10.28s/it] 60%|█████▉    | 119/200 [25:14<15:40, 11.61s/it] 60%|██████    | 120/200 [25:29<16:46, 12.59s/it] 60%|██████    | 121/200 [25:44<17:23, 13.21s/it] 61%|██████    | 122/200 [25:56<16:49, 12.94s/it] 62%|██████▏   | 123/200 [26:11<17:27, 13.60s/it] 62%|██████▏   | 124/200 [26:26<17:39, 13.94s/it] 62%|██████▎   | 125/200 [26:27<12:33, 10.04s/it] 63%|██████▎   | 126/200 [26:28<09:00,  7.30s/it] 64%|██████▎   | 127/200 [26:31<07:17,  5.99s/it] 64%|██████▍   | 128/200 [26:43<09:26,  7.86s/it] 64%|██████▍   | 129/200 [26:58<11:51, 10.02s/it] 65%|██████▌   | 130/200 [27:10<12:30, 10.73s/it] 66%|██████▌   | 131/200 [27:25<13:44, 11.95s/it] 66%|██████▌   | 132/200 [27:37<13:32, 11.95s/it] 66%|██████▋   | 133/200 [27:52<14:18, 12.82s/it] 67%|██████▋   | 134/200 [27:55<10:50,  9.86s/it] 68%|██████▊   | 135/200 [28:10<12:27, 11.51s/it] 68%|██████▊   | 136/200 [28:25<13:24, 12.57s/it] 68%|██████▊   | 137/200 [28:37<13:00, 12.40s/it] 69%|██████▉   | 138/200 [28:50<12:43, 12.32s/it] 70%|██████▉   | 139/200 [29:05<13:24, 13.20s/it] 70%|███████   | 140/200 [29:20<13:50, 13.84s/it] 70%|███████   | 141/200 [29:36<14:05, 14.33s/it] 71%|███████   | 142/200 [29:39<10:33, 10.92s/it] 72%|███████▏  | 143/200 [29:41<08:05,  8.52s/it] 72%|███████▏  | 144/200 [29:54<08:59,  9.63s/it] 72%|███████▎  | 145/200 [30:09<10:22, 11.32s/it] 73%|███████▎  | 146/200 [30:21<10:17, 11.44s/it] 74%|███████▎  | 147/200 [30:36<11:08, 12.62s/it] 74%|███████▍  | 148/200 [30:52<11:40, 13.47s/it] 74%|███████▍  | 149/200 [30:52<08:14,  9.69s/it] 75%|███████▌  | 150/200 [31:05<08:41, 10.42s/it] 76%|███████▌  | 151/200 [31:20<09:44, 11.92s/it] 76%|███████▌  | 152/200 [31:35<10:13, 12.78s/it] 76%|███████▋  | 153/200 [31:50<10:34, 13.51s/it] 77%|███████▋  | 154/200 [32:05<10:36, 13.84s/it] 78%|███████▊  | 155/200 [32:16<09:56, 13.26s/it] 78%|███████▊  | 156/200 [32:29<09:31, 12.99s/it] 78%|███████▊  | 157/200 [32:44<09:46, 13.65s/it] 79%|███████▉  | 158/200 [32:56<09:14, 13.19s/it] 80%|███████▉  | 159/200 [33:11<09:21, 13.68s/it] 80%|████████  | 160/200 [33:26<09:23, 14.09s/it] 80%|████████  | 161/200 [33:41<09:23, 14.45s/it] 81%|████████  | 162/200 [33:56<09:16, 14.64s/it] 82%|████████▏ | 163/200 [34:11<09:03, 14.70s/it] 82%|████████▏ | 164/200 [34:23<08:23, 13.98s/it] 82%|████████▎ | 165/200 [34:39<08:25, 14.44s/it] 83%|████████▎ | 166/200 [34:55<08:21, 14.76s/it] 84%|████████▎ | 167/200 [35:07<07:42, 14.02s/it] 84%|████████▍ | 168/200 [35:10<05:43, 10.73s/it] 84%|████████▍ | 169/200 [35:11<04:01,  7.78s/it] 85%|████████▌ | 170/200 [35:11<02:48,  5.61s/it] 86%|████████▌ | 171/200 [35:26<04:03,  8.39s/it] 86%|████████▌ | 172/200 [35:41<04:50, 10.37s/it] 86%|████████▋ | 173/200 [35:56<05:17, 11.76s/it] 87%|████████▋ | 174/200 [36:10<05:25, 12.53s/it] 88%|████████▊ | 175/200 [36:22<05:08, 12.33s/it] 88%|████████▊ | 176/200 [36:37<05:13, 13.05s/it] 88%|████████▊ | 177/200 [36:49<04:53, 12.78s/it] 89%|████████▉ | 178/200 [37:01<04:32, 12.39s/it] 90%|████████▉ | 179/200 [37:02<03:07,  8.94s/it] 90%|█████████ | 180/200 [37:14<03:18,  9.92s/it] 90%|█████████ | 181/200 [37:29<03:39, 11.56s/it] 91%|█████████ | 182/200 [37:44<03:45, 12.53s/it] 92%|█████████▏| 183/200 [37:59<03:43, 13.15s/it] 92%|█████████▏| 184/200 [38:13<03:38, 13.67s/it] 92%|█████████▎| 185/200 [38:16<02:36, 10.45s/it] 93%|█████████▎| 186/200 [38:28<02:31, 10.82s/it] 94%|█████████▎| 187/200 [38:29<01:40,  7.74s/it] 94%|█████████▍| 188/200 [38:41<01:48,  9.03s/it] 94%|█████████▍| 189/200 [38:42<01:12,  6.59s/it] 95%|█████████▌| 190/200 [38:57<01:32,  9.24s/it] 96%|█████████▌| 191/200 [39:09<01:30, 10.07s/it] 96%|█████████▌| 192/200 [39:21<01:26, 10.75s/it] 96%|█████████▋| 193/200 [39:24<00:58,  8.42s/it] 97%|█████████▋| 194/200 [39:40<01:03, 10.54s/it] 98%|█████████▊| 195/200 [39:52<00:55, 11.04s/it] 98%|█████████▊| 196/200 [40:07<00:49, 12.26s/it] 98%|█████████▊| 197/200 [40:23<00:39, 13.21s/it] 99%|█████████▉| 198/200 [40:35<00:25, 12.94s/it]100%|█████████▉| 199/200 [40:49<00:13, 13.44s/it]100%|██████████| 200/200 [41:05<00:00, 14.10s/it]100%|██████████| 200/200 [41:05<00:00, 12.33s/it]
[2026-01-18 09:33:41,249] INFO spindle_dev.test: Sanity search: 200 queries, 200 exact path matches, 200 leaf matches, mean search_time=0.0079s
Completed: /data/sarkar_lab/insitupy_demo_data_xenium/xenium_human_lung_cancer.h5ad
✓ Successfully processed: /data/sarkar_lab/insitupy_demo_data_xenium/xenium_human_lung_cancer.h5ad
