Setting up virtual environment for processing /data/sarkar_lab/insitupy_demo_data_xenium/xenium_human_brain_cancer.h5ad...


Processing /data/sarkar_lab/insitupy_demo_data_xenium/xenium_human_brain_cancer.h5ad...


[2026-01-18 08:52:12,458] INFO spindle_dev.index: Clustering SPD-s using 'tree' distance.
[2026-01-18 08:52:12,474] INFO spindle_dev.index: Building ultrametric features from SPD matrices.
/panfs/accrepfs.vampire/home/sarkah1/miniforge3/envs/spatial/lib/python3.10/site-packages/scipy/cluster/hierarchy.py:1673: RuntimeWarning: invalid value encountered in scalar divide
  c = xp.sum(numerator) / xp.sqrt(xp.sum(denomA) * xp.sum(denomB))
[2026-01-18 08:53:55,515] INFO spindle_dev.index: Computing latent features from the tree representations.
[2026-01-18 08:54:50,608] INFO spindle_dev.index: Reducing latent features to 30 dimensions using PCA.
[2026-01-18 08:58:15,469] INFO spindle_dev.index: Explained variance ratios by PCA components: [0.03411894 0.02578561 0.01285703 0.00938737 0.00588084 0.00551661
 0.00453925 0.00377464 0.00356478 0.00307318 0.00273169 0.0026462
 0.00263546 0.00248134 0.00241321 0.00210543 0.00208783 0.00205712
 0.0020324  0.00196088 0.00191746 0.00189922 0.00186625 0.00184357
 0.00182782 0.00181393 0.00176957 0.00176038 0.00173033 0.00172268]
[2026-01-18 08:58:15,485] INFO spindle_dev.index: Reducing latent features to 2 dimensions using UMAP.
/panfs/accrepfs.vampire/home/sarkah1/miniforge3/envs/spatial/lib/python3.10/site-packages/umap/umap_.py:1952: UserWarning: n_jobs value 1 overridden to 1 by setting random_state. Use no seed for parallelism.
  warn(
[2026-01-18 08:58:51,193] INFO spindle_dev.index: Clustering SPD-s using 'tree' distance.
[2026-01-18 08:58:51,195] INFO spindle_dev.index: Clustering SPD matrices using Leiden clustering with resolution 0.50.
[2026-01-18 08:59:03,670] INFO spindle_dev.index: Since clustering method is tree, I am going to find global order per cluster
[2026-01-18 08:59:03,671] INFO spindle_dev.index: Finding consensus tree for cluster 0
[2026-01-18 08:59:17,137] INFO spindle_dev.index: Finding consensus tree for cluster 1
[2026-01-18 08:59:24,431] INFO spindle_dev.index: Finding consensus tree for cluster 2
[2026-01-18 08:59:29,020] INFO spindle_dev.index: Finding consensus tree for cluster 3
[2026-01-18 08:59:34,071] INFO spindle_dev.index: Finding consensus tree for cluster 4
[2026-01-18 08:59:38,425] INFO spindle_dev.index: Finding consensus tree for cluster 5
[2026-01-18 08:59:40,054] INFO spindle_dev.index: Finding consensus tree for cluster 6
[2026-01-18 08:59:41,131] INFO spindle_dev.index: Finding consensus tree for cluster 7
[2026-01-18 09:00:01,934] INFO spindle_dev.index: Computing mean correlation matrix for cluster 0
[2026-01-18 09:00:24,818] INFO spindle_dev.index: Computing mean correlation matrix for cluster 1
[2026-01-18 09:00:43,987] INFO spindle_dev.index: Computing mean correlation matrix for cluster 2
[2026-01-18 09:00:55,084] INFO spindle_dev.index: Computing mean correlation matrix for cluster 3
[2026-01-18 09:01:06,482] INFO spindle_dev.index: Computing mean correlation matrix for cluster 4
[2026-01-18 09:01:15,564] INFO spindle_dev.index: Computing mean correlation matrix for cluster 5
[2026-01-18 09:01:18,795] INFO spindle_dev.index: Computing mean correlation matrix for cluster 6
[2026-01-18 09:01:21,690] INFO spindle_dev.index: Computing mean correlation matrix for cluster 7
[2026-01-18 09:01:21,928] INFO spindle_dev.index: Finding adaptive block runs for cluster 0
[2026-01-18 09:01:22,559] INFO spindle_dev.index:  Chose t=0.8632246875507528 resulting in 354 blocks instead of 242 blocks would have gotten by default
[2026-01-18 09:01:22,650] INFO spindle_dev.index:  Final block runs for cluster 0: 24 blocks.
[2026-01-18 09:01:22,650] INFO spindle_dev.index: Finding adaptive block runs for cluster 1
[2026-01-18 09:01:23,283] INFO spindle_dev.index:  Chose t=0.8421314547071789 resulting in 370 blocks instead of 245 blocks would have gotten by default
[2026-01-18 09:01:23,383] INFO spindle_dev.index:  Final block runs for cluster 1: 26 blocks.
[2026-01-18 09:01:23,384] INFO spindle_dev.index: Finding adaptive block runs for cluster 2
[2026-01-18 09:01:24,016] INFO spindle_dev.index:  Chose t=0.8416540402268181 resulting in 331 blocks instead of 226 blocks would have gotten by default
[2026-01-18 09:01:24,098] INFO spindle_dev.index:  Final block runs for cluster 2: 25 blocks.
[2026-01-18 09:01:24,098] INFO spindle_dev.index: Finding adaptive block runs for cluster 3
[2026-01-18 09:01:24,728] INFO spindle_dev.index:  Chose t=0.8631705570040082 resulting in 387 blocks instead of 270 blocks would have gotten by default
[2026-01-18 09:01:24,837] INFO spindle_dev.index:  Final block runs for cluster 3: 27 blocks.
[2026-01-18 09:01:24,838] INFO spindle_dev.index: Finding adaptive block runs for cluster 4
[2026-01-18 09:01:25,466] INFO spindle_dev.index:  Chose t=0.784655953570506 resulting in 383 blocks instead of 205 blocks would have gotten by default
[2026-01-18 09:01:25,571] INFO spindle_dev.index:  Final block runs for cluster 4: 27 blocks.
[2026-01-18 09:01:25,572] INFO spindle_dev.index: Finding adaptive block runs for cluster 5
[2026-01-18 09:01:26,202] INFO spindle_dev.index:  Chose t=0.8552197331616531 resulting in 326 blocks instead of 208 blocks would have gotten by default
[2026-01-18 09:01:26,280] INFO spindle_dev.index:  Final block runs for cluster 5: 24 blocks.
[2026-01-18 09:01:26,281] INFO spindle_dev.index: Finding adaptive block runs for cluster 6
[2026-01-18 09:01:26,918] INFO spindle_dev.index:  Chose t=0.8304446409718929 resulting in 368 blocks instead of 241 blocks would have gotten by default
[2026-01-18 09:01:27,014] INFO spindle_dev.index:  Final block runs for cluster 6: 25 blocks.
[2026-01-18 09:01:27,014] INFO spindle_dev.index: Finding adaptive block runs for cluster 7
[2026-01-18 09:01:27,294] INFO spindle_dev.index:  Chose t=0.9705885179838508 resulting in 339 blocks instead of 459 blocks would have gotten by default
[2026-01-18 09:01:27,377] INFO spindle_dev.index:  Final block runs for cluster 7: 15 blocks.
[2026-01-18 09:02:16,478] INFO spindle_dev.index: Processing cluster 0
[2026-01-18 09:02:16,479] INFO spindle_dev.index: Building SPD index with epsilon=6.115801848119388
[2026-01-18 09:02:16,481] INFO spindle_dev.index: Step 1: Cluster blocks within each class of SPD matrices.
[2026-01-18 09:02:18,207] INFO spindle_dev.index: Cluster 0: 3053 SPDs, 24 blocks
[2026-01-18 09:02:18,208] INFO spindle_dev.index:  Using epsilon-net clustering for block 0
[2026-01-18 09:02:18,598] INFO spindle_dev.index:  Finished block 0 in 0.39 seconds, found 6 clusters.
[2026-01-18 09:02:18,600] INFO spindle_dev.index:  Using epsilon-net clustering for block 1
[2026-01-18 09:02:18,930] INFO spindle_dev.index:  Finished block 1 in 0.33 seconds, found 7 clusters.
[2026-01-18 09:02:18,931] INFO spindle_dev.index:  Using epsilon-net clustering for block 2
[2026-01-18 09:02:19,153] INFO spindle_dev.index:  Finished block 2 in 0.22 seconds, found 3 clusters.
[2026-01-18 09:02:19,155] INFO spindle_dev.index:  Using epsilon-net clustering for block 3
[2026-01-18 09:02:19,546] INFO spindle_dev.index:  Finished block 3 in 0.39 seconds, found 9 clusters.
[2026-01-18 09:02:19,547] INFO spindle_dev.index:  Using epsilon-net clustering for block 4
[2026-01-18 09:02:19,740] INFO spindle_dev.index:  Finished block 4 in 0.19 seconds, found 2 clusters.
[2026-01-18 09:02:19,741] INFO spindle_dev.index:  Using epsilon-net clustering for block 5
[2026-01-18 09:02:20,026] INFO spindle_dev.index:  Finished block 5 in 0.29 seconds, found 5 clusters.
[2026-01-18 09:02:20,027] INFO spindle_dev.index:  Using epsilon-net clustering for block 6
[2026-01-18 09:02:20,380] INFO spindle_dev.index:  Finished block 6 in 0.35 seconds, found 3 clusters.
[2026-01-18 09:02:20,381] INFO spindle_dev.index:  Using epsilon-net clustering for block 7
[2026-01-18 09:02:20,628] INFO spindle_dev.index:  Finished block 7 in 0.25 seconds, found 3 clusters.
[2026-01-18 09:02:20,630] INFO spindle_dev.index:  Using epsilon-net clustering for block 8
[2026-01-18 09:02:20,924] INFO spindle_dev.index:  Finished block 8 in 0.30 seconds, found 5 clusters.
[2026-01-18 09:02:20,926] INFO spindle_dev.index:  Using epsilon-net clustering for block 9
[2026-01-18 09:02:21,134] INFO spindle_dev.index:  Finished block 9 in 0.21 seconds, found 2 clusters.
[2026-01-18 09:02:21,136] INFO spindle_dev.index:  Using epsilon-net clustering for block 10
[2026-01-18 09:02:21,378] INFO spindle_dev.index:  Finished block 10 in 0.24 seconds, found 2 clusters.
[2026-01-18 09:02:21,379] INFO spindle_dev.index:  Using epsilon-net clustering for block 11
[2026-01-18 09:02:21,643] INFO spindle_dev.index:  Finished block 11 in 0.26 seconds, found 2 clusters.
[2026-01-18 09:02:21,644] INFO spindle_dev.index:  Using epsilon-net clustering for block 12
[2026-01-18 09:02:21,892] INFO spindle_dev.index:  Finished block 12 in 0.25 seconds, found 3 clusters.
[2026-01-18 09:02:21,893] INFO spindle_dev.index:  Using epsilon-net clustering for block 13
[2026-01-18 09:02:22,134] INFO spindle_dev.index:  Finished block 13 in 0.24 seconds, found 2 clusters.
[2026-01-18 09:02:22,135] INFO spindle_dev.index:  Using epsilon-net clustering for block 14
[2026-01-18 09:02:22,417] INFO spindle_dev.index:  Finished block 14 in 0.28 seconds, found 4 clusters.
[2026-01-18 09:02:22,418] INFO spindle_dev.index:  Using epsilon-net clustering for block 15
[2026-01-18 09:02:23,148] INFO spindle_dev.index:  Finished block 15 in 0.73 seconds, found 4 clusters.
[2026-01-18 09:02:23,149] INFO spindle_dev.index:  Using epsilon-net clustering for block 16
[2026-01-18 09:02:23,541] INFO spindle_dev.index:  Finished block 16 in 0.39 seconds, found 5 clusters.
[2026-01-18 09:02:23,542] INFO spindle_dev.index:  Using epsilon-net clustering for block 17
[2026-01-18 09:02:24,131] INFO spindle_dev.index:  Finished block 17 in 0.59 seconds, found 5 clusters.
[2026-01-18 09:02:24,132] INFO spindle_dev.index:  Using epsilon-net clustering for block 18
[2026-01-18 09:02:24,631] INFO spindle_dev.index:  Finished block 18 in 0.50 seconds, found 7 clusters.
[2026-01-18 09:02:24,632] INFO spindle_dev.index:  Using epsilon-net clustering for block 19
[2026-01-18 09:02:25,184] INFO spindle_dev.index:  Finished block 19 in 0.55 seconds, found 13 clusters.
[2026-01-18 09:02:25,185] INFO spindle_dev.index:  Using epsilon-net clustering for block 20
[2026-01-18 09:02:25,472] INFO spindle_dev.index:  Finished block 20 in 0.29 seconds, found 4 clusters.
[2026-01-18 09:02:25,474] INFO spindle_dev.index:  Using epsilon-net clustering for block 21
[2026-01-18 09:02:25,786] INFO spindle_dev.index:  Finished block 21 in 0.31 seconds, found 3 clusters.
[2026-01-18 09:02:25,787] INFO spindle_dev.index:  Using epsilon-net clustering for block 22
[2026-01-18 09:02:26,036] INFO spindle_dev.index:  Finished block 22 in 0.25 seconds, found 2 clusters.
[2026-01-18 09:02:26,038] INFO spindle_dev.index:  Using epsilon-net clustering for block 23
[2026-01-18 09:02:27,477] INFO spindle_dev.index:  Finished block 23 in 1.44 seconds, found 10 clusters.
[2026-01-18 09:02:27,477] INFO spindle_dev.index: Step 2: Build DAG connections between block clusters.
[2026-01-18 09:02:27,477] INFO spindle_dev.index: Step 2.1: For each layer order the block-clusters by
[2026-01-18 09:02:27,477] INFO spindle_dev.index: Not implemented: ordering block-clusters ? How to order them?
[2026-01-18 09:02:27,477] INFO spindle_dev.index: We will use triangle inequality to order clusters.
[2026-01-18 09:02:27,477] INFO spindle_dev.index: Step 2.2: Connect block-clusters between layers based on co-occurrence in SPDs.
[2026-01-18 09:02:27,533] INFO spindle_dev.index: Check if node global_node_id matches index in nodes list
[2026-01-18 09:02:27,533] INFO spindle_dev.index: Step 2.3: Ordering block-clusters within each layer using log-Euclidean distances.
[2026-01-18 09:02:27,533] INFO spindle_dev.index: Processing cluster 1
[2026-01-18 09:02:27,533] INFO spindle_dev.index: Building SPD index with epsilon=7.180013694695207
[2026-01-18 09:02:27,533] INFO spindle_dev.index: Step 1: Cluster blocks within each class of SPD matrices.
[2026-01-18 09:02:29,944] INFO spindle_dev.index: Cluster 1: 2643 SPDs, 26 blocks
[2026-01-18 09:02:29,946] INFO spindle_dev.index:  Using epsilon-net clustering for block 0
[2026-01-18 09:02:30,284] INFO spindle_dev.index:  Finished block 0 in 0.34 seconds, found 8 clusters.
[2026-01-18 09:02:30,285] INFO spindle_dev.index:  Using epsilon-net clustering for block 1
[2026-01-18 09:02:30,733] INFO spindle_dev.index:  Finished block 1 in 0.45 seconds, found 14 clusters.
[2026-01-18 09:02:30,734] INFO spindle_dev.index:  Using epsilon-net clustering for block 2
[2026-01-18 09:02:30,947] INFO spindle_dev.index:  Finished block 2 in 0.21 seconds, found 4 clusters.
[2026-01-18 09:02:30,949] INFO spindle_dev.index:  Using epsilon-net clustering for block 3
[2026-01-18 09:02:31,113] INFO spindle_dev.index:  Finished block 3 in 0.17 seconds, found 2 clusters.
[2026-01-18 09:02:31,114] INFO spindle_dev.index:  Using epsilon-net clustering for block 4
[2026-01-18 09:02:31,335] INFO spindle_dev.index:  Finished block 4 in 0.22 seconds, found 4 clusters.
[2026-01-18 09:02:31,336] INFO spindle_dev.index:  Using epsilon-net clustering for block 5
[2026-01-18 09:02:31,577] INFO spindle_dev.index:  Finished block 5 in 0.24 seconds, found 5 clusters.
[2026-01-18 09:02:31,578] INFO spindle_dev.index:  Using epsilon-net clustering for block 6
[2026-01-18 09:02:31,783] INFO spindle_dev.index:  Finished block 6 in 0.21 seconds, found 3 clusters.
[2026-01-18 09:02:31,784] INFO spindle_dev.index:  Using epsilon-net clustering for block 7
[2026-01-18 09:02:31,952] INFO spindle_dev.index:  Finished block 7 in 0.17 seconds, found 2 clusters.
[2026-01-18 09:02:31,954] INFO spindle_dev.index:  Using epsilon-net clustering for block 8
[2026-01-18 09:02:32,162] INFO spindle_dev.index:  Finished block 8 in 0.21 seconds, found 2 clusters.
[2026-01-18 09:02:32,163] INFO spindle_dev.index:  Using epsilon-net clustering for block 9
[2026-01-18 09:02:32,339] INFO spindle_dev.index:  Finished block 9 in 0.18 seconds, found 2 clusters.
[2026-01-18 09:02:32,340] INFO spindle_dev.index:  Using epsilon-net clustering for block 10
[2026-01-18 09:02:32,520] INFO spindle_dev.index:  Finished block 10 in 0.18 seconds, found 2 clusters.
[2026-01-18 09:02:32,521] INFO spindle_dev.index:  Using epsilon-net clustering for block 11
[2026-01-18 09:02:32,694] INFO spindle_dev.index:  Finished block 11 in 0.17 seconds, found 2 clusters.
[2026-01-18 09:02:32,695] INFO spindle_dev.index:  Using epsilon-net clustering for block 12
[2026-01-18 09:02:32,871] INFO spindle_dev.index:  Finished block 12 in 0.18 seconds, found 2 clusters.
[2026-01-18 09:02:32,872] INFO spindle_dev.index:  Using epsilon-net clustering for block 13
[2026-01-18 09:02:33,054] INFO spindle_dev.index:  Finished block 13 in 0.18 seconds, found 2 clusters.
[2026-01-18 09:02:33,055] INFO spindle_dev.index:  Using epsilon-net clustering for block 14
[2026-01-18 09:02:33,250] INFO spindle_dev.index:  Finished block 14 in 0.20 seconds, found 2 clusters.
[2026-01-18 09:02:33,251] INFO spindle_dev.index:  Using epsilon-net clustering for block 15
[2026-01-18 09:02:33,456] INFO spindle_dev.index:  Finished block 15 in 0.21 seconds, found 2 clusters.
[2026-01-18 09:02:33,457] INFO spindle_dev.index:  Using epsilon-net clustering for block 16
[2026-01-18 09:02:33,655] INFO spindle_dev.index:  Finished block 16 in 0.20 seconds, found 2 clusters.
[2026-01-18 09:02:33,657] INFO spindle_dev.index:  Using epsilon-net clustering for block 17
[2026-01-18 09:02:33,865] INFO spindle_dev.index:  Finished block 17 in 0.21 seconds, found 2 clusters.
[2026-01-18 09:02:33,866] INFO spindle_dev.index:  Using epsilon-net clustering for block 18
[2026-01-18 09:02:34,718] INFO spindle_dev.index:  Finished block 18 in 0.85 seconds, found 3 clusters.
[2026-01-18 09:02:34,719] INFO spindle_dev.index:  Using epsilon-net clustering for block 19
[2026-01-18 09:02:35,176] INFO spindle_dev.index:  Finished block 19 in 0.46 seconds, found 4 clusters.
[2026-01-18 09:02:35,177] INFO spindle_dev.index:  Using epsilon-net clustering for block 20
[2026-01-18 09:02:35,406] INFO spindle_dev.index:  Finished block 20 in 0.23 seconds, found 3 clusters.
[2026-01-18 09:02:35,407] INFO spindle_dev.index:  Using epsilon-net clustering for block 21
[2026-01-18 09:02:35,705] INFO spindle_dev.index:  Finished block 21 in 0.30 seconds, found 6 clusters.
[2026-01-18 09:02:35,706] INFO spindle_dev.index:  Using epsilon-net clustering for block 22
[2026-01-18 09:02:35,966] INFO spindle_dev.index:  Finished block 22 in 0.26 seconds, found 4 clusters.
[2026-01-18 09:02:35,967] INFO spindle_dev.index:  Using epsilon-net clustering for block 23
[2026-01-18 09:02:36,502] INFO spindle_dev.index:  Finished block 23 in 0.54 seconds, found 16 clusters.
[2026-01-18 09:02:36,503] INFO spindle_dev.index:  Using epsilon-net clustering for block 24
[2026-01-18 09:02:36,832] INFO spindle_dev.index:  Finished block 24 in 0.33 seconds, found 7 clusters.
[2026-01-18 09:02:36,833] INFO spindle_dev.index:  Using epsilon-net clustering for block 25
[2026-01-18 09:02:37,672] INFO spindle_dev.index:  Finished block 25 in 0.84 seconds, found 3 clusters.
[2026-01-18 09:02:37,672] INFO spindle_dev.index: Step 2: Build DAG connections between block clusters.
[2026-01-18 09:02:37,672] INFO spindle_dev.index: Step 2.1: For each layer order the block-clusters by
[2026-01-18 09:02:37,672] INFO spindle_dev.index: Not implemented: ordering block-clusters ? How to order them?
[2026-01-18 09:02:37,672] INFO spindle_dev.index: We will use triangle inequality to order clusters.
[2026-01-18 09:02:37,672] INFO spindle_dev.index: Step 2.2: Connect block-clusters between layers based on co-occurrence in SPDs.
[2026-01-18 09:02:37,714] INFO spindle_dev.index: Check if node global_node_id matches index in nodes list
[2026-01-18 09:02:37,714] INFO spindle_dev.index: Step 2.3: Ordering block-clusters within each layer using log-Euclidean distances.
[2026-01-18 09:02:37,714] INFO spindle_dev.index: Processing cluster 2
[2026-01-18 09:02:37,714] INFO spindle_dev.index: Building SPD index with epsilon=7.757146519042341
[2026-01-18 09:02:37,714] INFO spindle_dev.index: Step 1: Cluster blocks within each class of SPD matrices.
[2026-01-18 09:02:38,034] INFO spindle_dev.index: Cluster 2: 1523 SPDs, 25 blocks
[2026-01-18 09:02:38,036] INFO spindle_dev.index:  Using epsilon-net clustering for block 0
[2026-01-18 09:02:38,131] INFO spindle_dev.index:  Finished block 0 in 0.10 seconds, found 3 clusters.
[2026-01-18 09:02:38,132] INFO spindle_dev.index:  Using epsilon-net clustering for block 1
[2026-01-18 09:02:38,327] INFO spindle_dev.index:  Finished block 1 in 0.20 seconds, found 10 clusters.
[2026-01-18 09:02:38,328] INFO spindle_dev.index:  Using epsilon-net clustering for block 2
[2026-01-18 09:02:38,443] INFO spindle_dev.index:  Finished block 2 in 0.12 seconds, found 3 clusters.
[2026-01-18 09:02:38,444] INFO spindle_dev.index:  Using epsilon-net clustering for block 3
[2026-01-18 09:02:38,550] INFO spindle_dev.index:  Finished block 3 in 0.11 seconds, found 3 clusters.
[2026-01-18 09:02:38,551] INFO spindle_dev.index:  Using epsilon-net clustering for block 4
[2026-01-18 09:02:38,660] INFO spindle_dev.index:  Finished block 4 in 0.11 seconds, found 3 clusters.
[2026-01-18 09:02:38,661] INFO spindle_dev.index:  Using epsilon-net clustering for block 5
[2026-01-18 09:02:38,835] INFO spindle_dev.index:  Finished block 5 in 0.17 seconds, found 8 clusters.
[2026-01-18 09:02:38,836] INFO spindle_dev.index:  Using epsilon-net clustering for block 6
[2026-01-18 09:02:38,981] INFO spindle_dev.index:  Finished block 6 in 0.15 seconds, found 6 clusters.
[2026-01-18 09:02:38,982] INFO spindle_dev.index:  Using epsilon-net clustering for block 7
[2026-01-18 09:02:39,222] INFO spindle_dev.index:  Finished block 7 in 0.24 seconds, found 14 clusters.
[2026-01-18 09:02:39,222] INFO spindle_dev.index:  Using epsilon-net clustering for block 8
[2026-01-18 09:02:39,346] INFO spindle_dev.index:  Finished block 8 in 0.12 seconds, found 5 clusters.
[2026-01-18 09:02:39,347] INFO spindle_dev.index:  Using epsilon-net clustering for block 9
[2026-01-18 09:02:39,457] INFO spindle_dev.index:  Finished block 9 in 0.11 seconds, found 4 clusters.
[2026-01-18 09:02:39,458] INFO spindle_dev.index:  Using epsilon-net clustering for block 10
[2026-01-18 09:02:39,601] INFO spindle_dev.index:  Finished block 10 in 0.14 seconds, found 2 clusters.
[2026-01-18 09:02:39,602] INFO spindle_dev.index:  Using epsilon-net clustering for block 11
[2026-01-18 09:02:39,722] INFO spindle_dev.index:  Finished block 11 in 0.12 seconds, found 4 clusters.
[2026-01-18 09:02:39,723] INFO spindle_dev.index:  Using epsilon-net clustering for block 12
[2026-01-18 09:02:39,844] INFO spindle_dev.index:  Finished block 12 in 0.12 seconds, found 4 clusters.
[2026-01-18 09:02:39,845] INFO spindle_dev.index:  Using epsilon-net clustering for block 13
[2026-01-18 09:02:39,960] INFO spindle_dev.index:  Finished block 13 in 0.12 seconds, found 3 clusters.
[2026-01-18 09:02:39,961] INFO spindle_dev.index:  Using epsilon-net clustering for block 14
[2026-01-18 09:02:40,104] INFO spindle_dev.index:  Finished block 14 in 0.14 seconds, found 5 clusters.
[2026-01-18 09:02:40,105] INFO spindle_dev.index:  Using epsilon-net clustering for block 15
[2026-01-18 09:02:40,240] INFO spindle_dev.index:  Finished block 15 in 0.14 seconds, found 4 clusters.
[2026-01-18 09:02:40,241] INFO spindle_dev.index:  Using epsilon-net clustering for block 16
[2026-01-18 09:02:40,691] INFO spindle_dev.index:  Finished block 16 in 0.45 seconds, found 3 clusters.
[2026-01-18 09:02:40,692] INFO spindle_dev.index:  Using epsilon-net clustering for block 17
[2026-01-18 09:02:40,805] INFO spindle_dev.index:  Finished block 17 in 0.11 seconds, found 2 clusters.
[2026-01-18 09:02:40,806] INFO spindle_dev.index:  Using epsilon-net clustering for block 18
[2026-01-18 09:02:40,926] INFO spindle_dev.index:  Finished block 18 in 0.12 seconds, found 2 clusters.
[2026-01-18 09:02:40,927] INFO spindle_dev.index:  Using epsilon-net clustering for block 19
[2026-01-18 09:02:41,047] INFO spindle_dev.index:  Finished block 19 in 0.12 seconds, found 2 clusters.
[2026-01-18 09:02:41,048] INFO spindle_dev.index:  Using epsilon-net clustering for block 20
[2026-01-18 09:02:41,167] INFO spindle_dev.index:  Finished block 20 in 0.12 seconds, found 2 clusters.
[2026-01-18 09:02:41,168] INFO spindle_dev.index:  Using epsilon-net clustering for block 21
[2026-01-18 09:02:41,285] INFO spindle_dev.index:  Finished block 21 in 0.12 seconds, found 2 clusters.
[2026-01-18 09:02:41,286] INFO spindle_dev.index:  Using epsilon-net clustering for block 22
[2026-01-18 09:02:41,722] INFO spindle_dev.index:  Finished block 22 in 0.44 seconds, found 2 clusters.
[2026-01-18 09:02:41,723] INFO spindle_dev.index:  Using epsilon-net clustering for block 23
[2026-01-18 09:02:41,859] INFO spindle_dev.index:  Finished block 23 in 0.14 seconds, found 3 clusters.
[2026-01-18 09:02:41,860] INFO spindle_dev.index:  Using epsilon-net clustering for block 24
[2026-01-18 09:02:42,325] INFO spindle_dev.index:  Finished block 24 in 0.47 seconds, found 2 clusters.
[2026-01-18 09:02:42,326] INFO spindle_dev.index: Step 2: Build DAG connections between block clusters.
[2026-01-18 09:02:42,326] INFO spindle_dev.index: Step 2.1: For each layer order the block-clusters by
[2026-01-18 09:02:42,326] INFO spindle_dev.index: Not implemented: ordering block-clusters ? How to order them?
[2026-01-18 09:02:42,326] INFO spindle_dev.index: We will use triangle inequality to order clusters.
[2026-01-18 09:02:42,326] INFO spindle_dev.index: Step 2.2: Connect block-clusters between layers based on co-occurrence in SPDs.
[2026-01-18 09:02:42,357] INFO spindle_dev.index: Check if node global_node_id matches index in nodes list
[2026-01-18 09:02:42,357] INFO spindle_dev.index: Step 2.3: Ordering block-clusters within each layer using log-Euclidean distances.
[2026-01-18 09:02:42,357] INFO spindle_dev.index: Processing cluster 3
[2026-01-18 09:02:42,357] INFO spindle_dev.index: Building SPD index with epsilon=7.6676687635243885
[2026-01-18 09:02:42,357] INFO spindle_dev.index: Step 1: Cluster blocks within each class of SPD matrices.
[2026-01-18 09:02:42,990] INFO spindle_dev.index: Cluster 3: 1479 SPDs, 27 blocks
[2026-01-18 09:02:42,992] INFO spindle_dev.index:  Using epsilon-net clustering for block 0
[2026-01-18 09:02:43,089] INFO spindle_dev.index:  Finished block 0 in 0.10 seconds, found 3 clusters.
[2026-01-18 09:02:43,089] INFO spindle_dev.index:  Using epsilon-net clustering for block 1
[2026-01-18 09:02:43,192] INFO spindle_dev.index:  Finished block 1 in 0.10 seconds, found 3 clusters.
[2026-01-18 09:02:43,192] INFO spindle_dev.index:  Using epsilon-net clustering for block 2
[2026-01-18 09:02:43,331] INFO spindle_dev.index:  Finished block 2 in 0.14 seconds, found 5 clusters.
[2026-01-18 09:02:43,332] INFO spindle_dev.index:  Using epsilon-net clustering for block 3
[2026-01-18 09:02:43,428] INFO spindle_dev.index:  Finished block 3 in 0.10 seconds, found 2 clusters.
[2026-01-18 09:02:43,429] INFO spindle_dev.index:  Using epsilon-net clustering for block 4
[2026-01-18 09:02:43,563] INFO spindle_dev.index:  Finished block 4 in 0.13 seconds, found 2 clusters.
[2026-01-18 09:02:43,563] INFO spindle_dev.index:  Using epsilon-net clustering for block 5
[2026-01-18 09:02:43,674] INFO spindle_dev.index:  Finished block 5 in 0.11 seconds, found 3 clusters.
[2026-01-18 09:02:43,674] INFO spindle_dev.index:  Using epsilon-net clustering for block 6
[2026-01-18 09:02:43,779] INFO spindle_dev.index:  Finished block 6 in 0.11 seconds, found 2 clusters.
[2026-01-18 09:02:43,780] INFO spindle_dev.index:  Using epsilon-net clustering for block 7
[2026-01-18 09:02:43,893] INFO spindle_dev.index:  Finished block 7 in 0.11 seconds, found 2 clusters.
[2026-01-18 09:02:43,894] INFO spindle_dev.index:  Using epsilon-net clustering for block 8
[2026-01-18 09:02:44,010] INFO spindle_dev.index:  Finished block 8 in 0.12 seconds, found 3 clusters.
[2026-01-18 09:02:44,011] INFO spindle_dev.index:  Using epsilon-net clustering for block 9
[2026-01-18 09:02:44,128] INFO spindle_dev.index:  Finished block 9 in 0.12 seconds, found 3 clusters.
[2026-01-18 09:02:44,129] INFO spindle_dev.index:  Using epsilon-net clustering for block 10
[2026-01-18 09:02:44,254] INFO spindle_dev.index:  Finished block 10 in 0.13 seconds, found 4 clusters.
[2026-01-18 09:02:44,255] INFO spindle_dev.index:  Using epsilon-net clustering for block 11
[2026-01-18 09:02:44,356] INFO spindle_dev.index:  Finished block 11 in 0.10 seconds, found 2 clusters.
[2026-01-18 09:02:44,357] INFO spindle_dev.index:  Using epsilon-net clustering for block 12
[2026-01-18 09:02:44,471] INFO spindle_dev.index:  Finished block 12 in 0.11 seconds, found 3 clusters.
[2026-01-18 09:02:44,472] INFO spindle_dev.index:  Using epsilon-net clustering for block 13
[2026-01-18 09:02:44,576] INFO spindle_dev.index:  Finished block 13 in 0.10 seconds, found 2 clusters.
[2026-01-18 09:02:44,577] INFO spindle_dev.index:  Using epsilon-net clustering for block 14
[2026-01-18 09:02:44,709] INFO spindle_dev.index:  Finished block 14 in 0.13 seconds, found 4 clusters.
[2026-01-18 09:02:44,710] INFO spindle_dev.index:  Using epsilon-net clustering for block 15
[2026-01-18 09:02:44,845] INFO spindle_dev.index:  Finished block 15 in 0.14 seconds, found 4 clusters.
[2026-01-18 09:02:44,846] INFO spindle_dev.index:  Using epsilon-net clustering for block 16
[2026-01-18 09:02:44,996] INFO spindle_dev.index:  Finished block 16 in 0.15 seconds, found 5 clusters.
[2026-01-18 09:02:44,997] INFO spindle_dev.index:  Using epsilon-net clustering for block 17
[2026-01-18 09:02:45,112] INFO spindle_dev.index:  Finished block 17 in 0.12 seconds, found 2 clusters.
[2026-01-18 09:02:45,113] INFO spindle_dev.index:  Using epsilon-net clustering for block 18
[2026-01-18 09:02:45,254] INFO spindle_dev.index:  Finished block 18 in 0.14 seconds, found 4 clusters.
[2026-01-18 09:02:45,254] INFO spindle_dev.index:  Using epsilon-net clustering for block 19
[2026-01-18 09:02:45,401] INFO spindle_dev.index:  Finished block 19 in 0.15 seconds, found 4 clusters.
[2026-01-18 09:02:45,402] INFO spindle_dev.index:  Using epsilon-net clustering for block 20
[2026-01-18 09:02:45,634] INFO spindle_dev.index:  Finished block 20 in 0.23 seconds, found 11 clusters.
[2026-01-18 09:02:45,634] INFO spindle_dev.index:  Using epsilon-net clustering for block 21
[2026-01-18 09:02:45,901] INFO spindle_dev.index:  Finished block 21 in 0.27 seconds, found 14 clusters.
[2026-01-18 09:02:45,901] INFO spindle_dev.index:  Using epsilon-net clustering for block 22
[2026-01-18 09:02:46,017] INFO spindle_dev.index:  Finished block 22 in 0.12 seconds, found 2 clusters.
[2026-01-18 09:02:46,018] INFO spindle_dev.index:  Using epsilon-net clustering for block 23
[2026-01-18 09:02:46,153] INFO spindle_dev.index:  Finished block 23 in 0.14 seconds, found 3 clusters.
[2026-01-18 09:02:46,154] INFO spindle_dev.index:  Using epsilon-net clustering for block 24
[2026-01-18 09:02:46,645] INFO spindle_dev.index:  Finished block 24 in 0.49 seconds, found 2 clusters.
[2026-01-18 09:02:46,646] INFO spindle_dev.index:  Using epsilon-net clustering for block 25
[2026-01-18 09:02:46,823] INFO spindle_dev.index:  Finished block 25 in 0.18 seconds, found 4 clusters.
[2026-01-18 09:02:46,824] INFO spindle_dev.index:  Using epsilon-net clustering for block 26
[2026-01-18 09:02:47,179] INFO spindle_dev.index:  Finished block 26 in 0.36 seconds, found 5 clusters.
[2026-01-18 09:02:47,179] INFO spindle_dev.index: Step 2: Build DAG connections between block clusters.
[2026-01-18 09:02:47,179] INFO spindle_dev.index: Step 2.1: For each layer order the block-clusters by
[2026-01-18 09:02:47,179] INFO spindle_dev.index: Not implemented: ordering block-clusters ? How to order them?
[2026-01-18 09:02:47,179] INFO spindle_dev.index: We will use triangle inequality to order clusters.
[2026-01-18 09:02:47,179] INFO spindle_dev.index: Step 2.2: Connect block-clusters between layers based on co-occurrence in SPDs.
[2026-01-18 09:02:48,588] INFO spindle_dev.index: Check if node global_node_id matches index in nodes list
[2026-01-18 09:02:48,588] INFO spindle_dev.index: Step 2.3: Ordering block-clusters within each layer using log-Euclidean distances.
[2026-01-18 09:02:48,588] INFO spindle_dev.index: Processing cluster 4
[2026-01-18 09:02:48,588] INFO spindle_dev.index: Building SPD index with epsilon=6.8288427303066594
[2026-01-18 09:02:48,588] INFO spindle_dev.index: Step 1: Cluster blocks within each class of SPD matrices.
[2026-01-18 09:02:49,221] INFO spindle_dev.index: Cluster 4: 1196 SPDs, 27 blocks
[2026-01-18 09:02:49,223] INFO spindle_dev.index:  Using epsilon-net clustering for block 0
[2026-01-18 09:02:49,402] INFO spindle_dev.index:  Finished block 0 in 0.18 seconds, found 11 clusters.
[2026-01-18 09:02:49,403] INFO spindle_dev.index:  Using epsilon-net clustering for block 1
[2026-01-18 09:02:49,543] INFO spindle_dev.index:  Finished block 1 in 0.14 seconds, found 5 clusters.
[2026-01-18 09:02:49,544] INFO spindle_dev.index:  Using epsilon-net clustering for block 2
[2026-01-18 09:02:49,659] INFO spindle_dev.index:  Finished block 2 in 0.12 seconds, found 5 clusters.
[2026-01-18 09:02:49,660] INFO spindle_dev.index:  Using epsilon-net clustering for block 3
[2026-01-18 09:02:49,759] INFO spindle_dev.index:  Finished block 3 in 0.10 seconds, found 3 clusters.
[2026-01-18 09:02:49,760] INFO spindle_dev.index:  Using epsilon-net clustering for block 4
[2026-01-18 09:02:49,865] INFO spindle_dev.index:  Finished block 4 in 0.11 seconds, found 4 clusters.
[2026-01-18 09:02:49,866] INFO spindle_dev.index:  Using epsilon-net clustering for block 5
[2026-01-18 09:02:49,969] INFO spindle_dev.index:  Finished block 5 in 0.10 seconds, found 4 clusters.
[2026-01-18 09:02:49,970] INFO spindle_dev.index:  Using epsilon-net clustering for block 6
[2026-01-18 09:02:50,073] INFO spindle_dev.index:  Finished block 6 in 0.10 seconds, found 4 clusters.
[2026-01-18 09:02:50,074] INFO spindle_dev.index:  Using epsilon-net clustering for block 7
[2026-01-18 09:02:50,209] INFO spindle_dev.index:  Finished block 7 in 0.14 seconds, found 6 clusters.
[2026-01-18 09:02:50,209] INFO spindle_dev.index:  Using epsilon-net clustering for block 8
[2026-01-18 09:02:50,297] INFO spindle_dev.index:  Finished block 8 in 0.09 seconds, found 2 clusters.
[2026-01-18 09:02:50,297] INFO spindle_dev.index:  Using epsilon-net clustering for block 9
[2026-01-18 09:02:50,431] INFO spindle_dev.index:  Finished block 9 in 0.13 seconds, found 6 clusters.
[2026-01-18 09:02:50,432] INFO spindle_dev.index:  Using epsilon-net clustering for block 10
[2026-01-18 09:02:50,544] INFO spindle_dev.index:  Finished block 10 in 0.11 seconds, found 4 clusters.
[2026-01-18 09:02:50,545] INFO spindle_dev.index:  Using epsilon-net clustering for block 11
[2026-01-18 09:02:50,660] INFO spindle_dev.index:  Finished block 11 in 0.12 seconds, found 4 clusters.
[2026-01-18 09:02:50,661] INFO spindle_dev.index:  Using epsilon-net clustering for block 12
[2026-01-18 09:02:50,760] INFO spindle_dev.index:  Finished block 12 in 0.10 seconds, found 2 clusters.
[2026-01-18 09:02:50,761] INFO spindle_dev.index:  Using epsilon-net clustering for block 13
[2026-01-18 09:02:50,857] INFO spindle_dev.index:  Finished block 13 in 0.10 seconds, found 2 clusters.
[2026-01-18 09:02:50,858] INFO spindle_dev.index:  Using epsilon-net clustering for block 14
[2026-01-18 09:02:50,982] INFO spindle_dev.index:  Finished block 14 in 0.12 seconds, found 3 clusters.
[2026-01-18 09:02:50,983] INFO spindle_dev.index:  Using epsilon-net clustering for block 15
[2026-01-18 09:02:51,084] INFO spindle_dev.index:  Finished block 15 in 0.10 seconds, found 2 clusters.
[2026-01-18 09:02:51,085] INFO spindle_dev.index:  Using epsilon-net clustering for block 16
[2026-01-18 09:02:51,215] INFO spindle_dev.index:  Finished block 16 in 0.13 seconds, found 4 clusters.
[2026-01-18 09:02:51,216] INFO spindle_dev.index:  Using epsilon-net clustering for block 17
[2026-01-18 09:02:51,414] INFO spindle_dev.index:  Finished block 17 in 0.20 seconds, found 2 clusters.
[2026-01-18 09:02:51,415] INFO spindle_dev.index:  Using epsilon-net clustering for block 18
[2026-01-18 09:02:51,530] INFO spindle_dev.index:  Finished block 18 in 0.12 seconds, found 3 clusters.
[2026-01-18 09:02:51,531] INFO spindle_dev.index:  Using epsilon-net clustering for block 19
[2026-01-18 09:02:51,655] INFO spindle_dev.index:  Finished block 19 in 0.12 seconds, found 3 clusters.
[2026-01-18 09:02:51,655] INFO spindle_dev.index:  Using epsilon-net clustering for block 20
[2026-01-18 09:02:51,755] INFO spindle_dev.index:  Finished block 20 in 0.10 seconds, found 2 clusters.
[2026-01-18 09:02:51,756] INFO spindle_dev.index:  Using epsilon-net clustering for block 21
[2026-01-18 09:02:51,865] INFO spindle_dev.index:  Finished block 21 in 0.11 seconds, found 2 clusters.
[2026-01-18 09:02:51,866] INFO spindle_dev.index:  Using epsilon-net clustering for block 22
[2026-01-18 09:02:52,017] INFO spindle_dev.index:  Finished block 22 in 0.15 seconds, found 7 clusters.
[2026-01-18 09:02:52,018] INFO spindle_dev.index:  Using epsilon-net clustering for block 23
[2026-01-18 09:02:52,110] INFO spindle_dev.index:  Finished block 23 in 0.09 seconds, found 2 clusters.
[2026-01-18 09:02:52,111] INFO spindle_dev.index:  Using epsilon-net clustering for block 24
[2026-01-18 09:02:52,291] INFO spindle_dev.index:  Finished block 24 in 0.18 seconds, found 2 clusters.
[2026-01-18 09:02:52,292] INFO spindle_dev.index:  Using epsilon-net clustering for block 25
[2026-01-18 09:02:52,411] INFO spindle_dev.index:  Finished block 25 in 0.12 seconds, found 3 clusters.
[2026-01-18 09:02:52,412] INFO spindle_dev.index:  Using epsilon-net clustering for block 26
[2026-01-18 09:02:52,897] INFO spindle_dev.index:  Finished block 26 in 0.49 seconds, found 3 clusters.
[2026-01-18 09:02:52,897] INFO spindle_dev.index: Step 2: Build DAG connections between block clusters.
[2026-01-18 09:02:52,897] INFO spindle_dev.index: Step 2.1: For each layer order the block-clusters by
[2026-01-18 09:02:52,898] INFO spindle_dev.index: Not implemented: ordering block-clusters ? How to order them?
[2026-01-18 09:02:52,898] INFO spindle_dev.index: We will use triangle inequality to order clusters.
[2026-01-18 09:02:52,898] INFO spindle_dev.index: Step 2.2: Connect block-clusters between layers based on co-occurrence in SPDs.
[2026-01-18 09:02:52,926] INFO spindle_dev.index: Check if node global_node_id matches index in nodes list
[2026-01-18 09:02:52,926] INFO spindle_dev.index: Step 2.3: Ordering block-clusters within each layer using log-Euclidean distances.
[2026-01-18 09:02:52,926] INFO spindle_dev.index: Processing cluster 5
[2026-01-18 09:02:52,927] INFO spindle_dev.index: Building SPD index with epsilon=6.305370132703105
[2026-01-18 09:02:52,927] INFO spindle_dev.index: Step 1: Cluster blocks within each class of SPD matrices.
[2026-01-18 09:02:53,232] INFO spindle_dev.index: Cluster 5: 460 SPDs, 24 blocks
[2026-01-18 09:02:53,234] INFO spindle_dev.index:  Using epsilon-net clustering for block 0
[2026-01-18 09:02:53,294] INFO spindle_dev.index:  Finished block 0 in 0.06 seconds, found 8 clusters.
[2026-01-18 09:02:53,294] INFO spindle_dev.index:  Using epsilon-net clustering for block 1
[2026-01-18 09:02:53,324] INFO spindle_dev.index:  Finished block 1 in 0.03 seconds, found 3 clusters.
[2026-01-18 09:02:53,325] INFO spindle_dev.index:  Using epsilon-net clustering for block 2
[2026-01-18 09:02:53,356] INFO spindle_dev.index:  Finished block 2 in 0.03 seconds, found 3 clusters.
[2026-01-18 09:02:53,356] INFO spindle_dev.index:  Using epsilon-net clustering for block 3
[2026-01-18 09:02:53,412] INFO spindle_dev.index:  Finished block 3 in 0.06 seconds, found 10 clusters.
[2026-01-18 09:02:53,413] INFO spindle_dev.index:  Using epsilon-net clustering for block 4
[2026-01-18 09:02:53,444] INFO spindle_dev.index:  Finished block 4 in 0.03 seconds, found 3 clusters.
[2026-01-18 09:02:53,445] INFO spindle_dev.index:  Using epsilon-net clustering for block 5
[2026-01-18 09:02:53,493] INFO spindle_dev.index:  Finished block 5 in 0.05 seconds, found 8 clusters.
[2026-01-18 09:02:53,494] INFO spindle_dev.index:  Using epsilon-net clustering for block 6
[2026-01-18 09:02:53,546] INFO spindle_dev.index:  Finished block 6 in 0.05 seconds, found 4 clusters.
[2026-01-18 09:02:53,547] INFO spindle_dev.index:  Using epsilon-net clustering for block 7
[2026-01-18 09:02:53,587] INFO spindle_dev.index:  Finished block 7 in 0.04 seconds, found 4 clusters.
[2026-01-18 09:02:53,587] INFO spindle_dev.index:  Using epsilon-net clustering for block 8
[2026-01-18 09:02:53,626] INFO spindle_dev.index:  Finished block 8 in 0.04 seconds, found 4 clusters.
[2026-01-18 09:02:53,626] INFO spindle_dev.index:  Using epsilon-net clustering for block 9
[2026-01-18 09:02:53,665] INFO spindle_dev.index:  Finished block 9 in 0.04 seconds, found 4 clusters.
[2026-01-18 09:02:53,666] INFO spindle_dev.index:  Using epsilon-net clustering for block 10
[2026-01-18 09:02:53,698] INFO spindle_dev.index:  Finished block 10 in 0.03 seconds, found 2 clusters.
[2026-01-18 09:02:53,699] INFO spindle_dev.index:  Using epsilon-net clustering for block 11
[2026-01-18 09:02:53,744] INFO spindle_dev.index:  Finished block 11 in 0.05 seconds, found 5 clusters.
[2026-01-18 09:02:53,744] INFO spindle_dev.index:  Using epsilon-net clustering for block 12
[2026-01-18 09:02:53,782] INFO spindle_dev.index:  Finished block 12 in 0.04 seconds, found 3 clusters.
[2026-01-18 09:02:53,783] INFO spindle_dev.index:  Using epsilon-net clustering for block 13
[2026-01-18 09:02:53,819] INFO spindle_dev.index:  Finished block 13 in 0.04 seconds, found 2 clusters.
[2026-01-18 09:02:53,819] INFO spindle_dev.index:  Using epsilon-net clustering for block 14
[2026-01-18 09:02:53,942] INFO spindle_dev.index:  Finished block 14 in 0.12 seconds, found 4 clusters.
[2026-01-18 09:02:53,943] INFO spindle_dev.index:  Using epsilon-net clustering for block 15
[2026-01-18 09:02:54,011] INFO spindle_dev.index:  Finished block 15 in 0.07 seconds, found 5 clusters.
[2026-01-18 09:02:54,012] INFO spindle_dev.index:  Using epsilon-net clustering for block 16
[2026-01-18 09:02:54,108] INFO spindle_dev.index:  Finished block 16 in 0.10 seconds, found 8 clusters.
[2026-01-18 09:02:54,108] INFO spindle_dev.index:  Using epsilon-net clustering for block 17
[2026-01-18 09:02:54,168] INFO spindle_dev.index:  Finished block 17 in 0.06 seconds, found 6 clusters.
[2026-01-18 09:02:54,168] INFO spindle_dev.index:  Using epsilon-net clustering for block 18
[2026-01-18 09:02:54,222] INFO spindle_dev.index:  Finished block 18 in 0.05 seconds, found 7 clusters.
[2026-01-18 09:02:54,222] INFO spindle_dev.index:  Using epsilon-net clustering for block 19
[2026-01-18 09:02:54,280] INFO spindle_dev.index:  Finished block 19 in 0.06 seconds, found 4 clusters.
[2026-01-18 09:02:54,281] INFO spindle_dev.index:  Using epsilon-net clustering for block 20
[2026-01-18 09:02:54,327] INFO spindle_dev.index:  Finished block 20 in 0.05 seconds, found 5 clusters.
[2026-01-18 09:02:54,328] INFO spindle_dev.index:  Using epsilon-net clustering for block 21
[2026-01-18 09:02:54,536] INFO spindle_dev.index:  Finished block 21 in 0.21 seconds, found 7 clusters.
[2026-01-18 09:02:54,537] INFO spindle_dev.index:  Using epsilon-net clustering for block 22
[2026-01-18 09:02:54,595] INFO spindle_dev.index:  Finished block 22 in 0.06 seconds, found 3 clusters.
[2026-01-18 09:02:54,595] INFO spindle_dev.index:  Using epsilon-net clustering for block 23
[2026-01-18 09:02:54,653] INFO spindle_dev.index:  Finished block 23 in 0.06 seconds, found 2 clusters.
[2026-01-18 09:02:54,653] INFO spindle_dev.index: Step 2: Build DAG connections between block clusters.
[2026-01-18 09:02:54,653] INFO spindle_dev.index: Step 2.1: For each layer order the block-clusters by
[2026-01-18 09:02:54,653] INFO spindle_dev.index: Not implemented: ordering block-clusters ? How to order them?
[2026-01-18 09:02:54,653] INFO spindle_dev.index: We will use triangle inequality to order clusters.
[2026-01-18 09:02:54,653] INFO spindle_dev.index: Step 2.2: Connect block-clusters between layers based on co-occurrence in SPDs.
[2026-01-18 09:02:54,664] INFO spindle_dev.index: Check if node global_node_id matches index in nodes list
[2026-01-18 09:02:54,665] INFO spindle_dev.index: Step 2.3: Ordering block-clusters within each layer using log-Euclidean distances.
[2026-01-18 09:02:54,665] INFO spindle_dev.index: Processing cluster 6
[2026-01-18 09:02:54,665] INFO spindle_dev.index: Building SPD index with epsilon=7.530538345511511
[2026-01-18 09:02:54,665] INFO spindle_dev.index: Step 1: Cluster blocks within each class of SPD matrices.
[2026-01-18 09:02:54,787] INFO spindle_dev.index: Cluster 6: 414 SPDs, 25 blocks
[2026-01-18 09:02:54,788] INFO spindle_dev.index:  Using epsilon-net clustering for block 0
[2026-01-18 09:02:54,835] INFO spindle_dev.index:  Finished block 0 in 0.05 seconds, found 7 clusters.
[2026-01-18 09:02:54,835] INFO spindle_dev.index:  Using epsilon-net clustering for block 1
[2026-01-18 09:02:54,869] INFO spindle_dev.index:  Finished block 1 in 0.03 seconds, found 5 clusters.
[2026-01-18 09:02:54,869] INFO spindle_dev.index:  Using epsilon-net clustering for block 2
[2026-01-18 09:02:54,900] INFO spindle_dev.index:  Finished block 2 in 0.03 seconds, found 4 clusters.
[2026-01-18 09:02:54,901] INFO spindle_dev.index:  Using epsilon-net clustering for block 3
[2026-01-18 09:02:54,928] INFO spindle_dev.index:  Finished block 3 in 0.03 seconds, found 3 clusters.
[2026-01-18 09:02:54,928] INFO spindle_dev.index:  Using epsilon-net clustering for block 4
[2026-01-18 09:02:54,955] INFO spindle_dev.index:  Finished block 4 in 0.03 seconds, found 2 clusters.
[2026-01-18 09:02:54,956] INFO spindle_dev.index:  Using epsilon-net clustering for block 5
[2026-01-18 09:02:54,986] INFO spindle_dev.index:  Finished block 5 in 0.03 seconds, found 3 clusters.
[2026-01-18 09:02:54,987] INFO spindle_dev.index:  Using epsilon-net clustering for block 6
[2026-01-18 09:02:55,033] INFO spindle_dev.index:  Finished block 6 in 0.05 seconds, found 3 clusters.
[2026-01-18 09:02:55,034] INFO spindle_dev.index:  Using epsilon-net clustering for block 7
[2026-01-18 09:02:55,069] INFO spindle_dev.index:  Finished block 7 in 0.04 seconds, found 3 clusters.
[2026-01-18 09:02:55,069] INFO spindle_dev.index:  Using epsilon-net clustering for block 8
[2026-01-18 09:02:55,101] INFO spindle_dev.index:  Finished block 8 in 0.03 seconds, found 3 clusters.
[2026-01-18 09:02:55,101] INFO spindle_dev.index:  Using epsilon-net clustering for block 9
[2026-01-18 09:02:55,127] INFO spindle_dev.index:  Finished block 9 in 0.03 seconds, found 2 clusters.
[2026-01-18 09:02:55,128] INFO spindle_dev.index:  Using epsilon-net clustering for block 10
[2026-01-18 09:02:55,157] INFO spindle_dev.index:  Finished block 10 in 0.03 seconds, found 2 clusters.
[2026-01-18 09:02:55,158] INFO spindle_dev.index:  Using epsilon-net clustering for block 11
[2026-01-18 09:02:55,195] INFO spindle_dev.index:  Finished block 11 in 0.04 seconds, found 3 clusters.
[2026-01-18 09:02:55,196] INFO spindle_dev.index:  Using epsilon-net clustering for block 12
[2026-01-18 09:02:55,233] INFO spindle_dev.index:  Finished block 12 in 0.04 seconds, found 4 clusters.
[2026-01-18 09:02:55,233] INFO spindle_dev.index:  Using epsilon-net clustering for block 13
[2026-01-18 09:02:55,264] INFO spindle_dev.index:  Finished block 13 in 0.03 seconds, found 2 clusters.
[2026-01-18 09:02:55,265] INFO spindle_dev.index:  Using epsilon-net clustering for block 14
[2026-01-18 09:02:55,311] INFO spindle_dev.index:  Finished block 14 in 0.05 seconds, found 3 clusters.
[2026-01-18 09:02:55,312] INFO spindle_dev.index:  Using epsilon-net clustering for block 15
[2026-01-18 09:02:55,347] INFO spindle_dev.index:  Finished block 15 in 0.04 seconds, found 3 clusters.
[2026-01-18 09:02:55,348] INFO spindle_dev.index:  Using epsilon-net clustering for block 16
[2026-01-18 09:02:55,385] INFO spindle_dev.index:  Finished block 16 in 0.04 seconds, found 4 clusters.
[2026-01-18 09:02:55,386] INFO spindle_dev.index:  Using epsilon-net clustering for block 17
[2026-01-18 09:02:55,512] INFO spindle_dev.index:  Finished block 17 in 0.13 seconds, found 3 clusters.
[2026-01-18 09:02:55,512] INFO spindle_dev.index:  Using epsilon-net clustering for block 18
[2026-01-18 09:02:55,547] INFO spindle_dev.index:  Finished block 18 in 0.03 seconds, found 2 clusters.
[2026-01-18 09:02:55,547] INFO spindle_dev.index:  Using epsilon-net clustering for block 19
[2026-01-18 09:02:55,578] INFO spindle_dev.index:  Finished block 19 in 0.03 seconds, found 2 clusters.
[2026-01-18 09:02:55,579] INFO spindle_dev.index:  Using epsilon-net clustering for block 20
[2026-01-18 09:02:55,633] INFO spindle_dev.index:  Finished block 20 in 0.05 seconds, found 2 clusters.
[2026-01-18 09:02:55,634] INFO spindle_dev.index:  Using epsilon-net clustering for block 21
[2026-01-18 09:02:55,664] INFO spindle_dev.index:  Finished block 21 in 0.03 seconds, found 2 clusters.
[2026-01-18 09:02:55,665] INFO spindle_dev.index:  Using epsilon-net clustering for block 22
[2026-01-18 09:02:55,697] INFO spindle_dev.index:  Finished block 22 in 0.03 seconds, found 2 clusters.
[2026-01-18 09:02:55,697] INFO spindle_dev.index:  Using epsilon-net clustering for block 23
[2026-01-18 09:02:55,853] INFO spindle_dev.index:  Finished block 23 in 0.16 seconds, found 2 clusters.
[2026-01-18 09:02:55,854] INFO spindle_dev.index:  Using epsilon-net clustering for block 24
[2026-01-18 09:02:55,917] INFO spindle_dev.index:  Finished block 24 in 0.06 seconds, found 4 clusters.
[2026-01-18 09:02:55,918] INFO spindle_dev.index: Step 2: Build DAG connections between block clusters.
[2026-01-18 09:02:55,918] INFO spindle_dev.index: Step 2.1: For each layer order the block-clusters by
[2026-01-18 09:02:55,918] INFO spindle_dev.index: Not implemented: ordering block-clusters ? How to order them?
[2026-01-18 09:02:55,918] INFO spindle_dev.index: We will use triangle inequality to order clusters.
[2026-01-18 09:02:55,918] INFO spindle_dev.index: Step 2.2: Connect block-clusters between layers based on co-occurrence in SPDs.
[2026-01-18 09:02:55,927] INFO spindle_dev.index: Check if node global_node_id matches index in nodes list
[2026-01-18 09:02:55,927] INFO spindle_dev.index: Step 2.3: Ordering block-clusters within each layer using log-Euclidean distances.
[2026-01-18 09:02:55,927] INFO spindle_dev.index: Processing cluster 7
[2026-01-18 09:02:55,927] INFO spindle_dev.index: Building SPD index with epsilon=2.0173222550914667
[2026-01-18 09:02:55,928] INFO spindle_dev.index: Step 1: Cluster blocks within each class of SPD matrices.
[2026-01-18 09:02:55,953] INFO spindle_dev.index: Cluster 7: 34 SPDs, 15 blocks
[2026-01-18 09:02:55,954] INFO spindle_dev.index:  Using epsilon-net clustering for block 0
[2026-01-18 09:02:55,957] INFO spindle_dev.index:  Finished block 0 in 0.00 seconds, found 2 clusters.
[2026-01-18 09:02:55,958] INFO spindle_dev.index:  Using epsilon-net clustering for block 1
[2026-01-18 09:02:55,961] INFO spindle_dev.index:  Finished block 1 in 0.00 seconds, found 4 clusters.
[2026-01-18 09:02:55,961] INFO spindle_dev.index:  Using epsilon-net clustering for block 2
[2026-01-18 09:02:55,964] INFO spindle_dev.index:  Finished block 2 in 0.00 seconds, found 6 clusters.
[2026-01-18 09:02:55,964] INFO spindle_dev.index:  Using epsilon-net clustering for block 3
[2026-01-18 09:02:55,967] INFO spindle_dev.index:  Finished block 3 in 0.00 seconds, found 4 clusters.
[2026-01-18 09:02:55,967] INFO spindle_dev.index:  Using epsilon-net clustering for block 4
[2026-01-18 09:02:55,970] INFO spindle_dev.index:  Finished block 4 in 0.00 seconds, found 4 clusters.
[2026-01-18 09:02:55,970] INFO spindle_dev.index:  Using epsilon-net clustering for block 5
[2026-01-18 09:02:55,974] INFO spindle_dev.index:  Finished block 5 in 0.00 seconds, found 5 clusters.
[2026-01-18 09:02:55,974] INFO spindle_dev.index:  Using epsilon-net clustering for block 6
[2026-01-18 09:02:55,979] INFO spindle_dev.index:  Finished block 6 in 0.01 seconds, found 15 clusters.
[2026-01-18 09:02:55,980] INFO spindle_dev.index:  Using epsilon-net clustering for block 7
[2026-01-18 09:02:55,986] INFO spindle_dev.index:  Finished block 7 in 0.01 seconds, found 17 clusters.
[2026-01-18 09:02:55,986] INFO spindle_dev.index:  Using epsilon-net clustering for block 8
[2026-01-18 09:02:55,998] INFO spindle_dev.index:  Finished block 8 in 0.01 seconds, found 17 clusters.
[2026-01-18 09:02:55,998] INFO spindle_dev.index:  Using epsilon-net clustering for block 9
[2026-01-18 09:02:56,004] INFO spindle_dev.index:  Finished block 9 in 0.01 seconds, found 12 clusters.
[2026-01-18 09:02:56,004] INFO spindle_dev.index:  Using epsilon-net clustering for block 10
[2026-01-18 09:02:56,007] INFO spindle_dev.index:  Finished block 10 in 0.00 seconds, found 2 clusters.
[2026-01-18 09:02:56,007] INFO spindle_dev.index:  Using epsilon-net clustering for block 11
[2026-01-18 09:02:56,011] INFO spindle_dev.index:  Finished block 11 in 0.00 seconds, found 11 clusters.
[2026-01-18 09:02:56,012] INFO spindle_dev.index:  Using epsilon-net clustering for block 12
[2026-01-18 09:02:56,016] INFO spindle_dev.index:  Finished block 12 in 0.00 seconds, found 1 clusters.
[2026-01-18 09:02:56,017] INFO spindle_dev.index:  Using epsilon-net clustering for block 13
[2026-01-18 09:02:56,037] INFO spindle_dev.index:  Finished block 13 in 0.02 seconds, found 1 clusters.
[2026-01-18 09:02:56,038] INFO spindle_dev.index:  Using epsilon-net clustering for block 14
[2026-01-18 09:02:56,057] INFO spindle_dev.index:  Finished block 14 in 0.02 seconds, found 1 clusters.
[2026-01-18 09:02:56,057] INFO spindle_dev.index: Step 2: Build DAG connections between block clusters.
[2026-01-18 09:02:56,057] INFO spindle_dev.index: Step 2.1: For each layer order the block-clusters by
[2026-01-18 09:02:56,057] INFO spindle_dev.index: Not implemented: ordering block-clusters ? How to order them?
[2026-01-18 09:02:56,057] INFO spindle_dev.index: We will use triangle inequality to order clusters.
[2026-01-18 09:02:56,057] INFO spindle_dev.index: Step 2.2: Connect block-clusters between layers based on co-occurrence in SPDs.
[2026-01-18 09:02:56,059] INFO spindle_dev.index: Check if node global_node_id matches index in nodes list
[2026-01-18 09:02:56,059] INFO spindle_dev.index: Step 2.3: Ordering block-clusters within each layer using log-Euclidean distances.
[2026-01-18 09:03:26,164] INFO spindle_dev.test: Built ground-truth paths for 3053 SPDs in cluster 0 across 24 blocks.
[2026-01-18 09:03:33,336] INFO spindle_dev.test: Built ground-truth paths for 2643 SPDs in cluster 1 across 26 blocks.
[2026-01-18 09:03:35,536] INFO spindle_dev.test: Built ground-truth paths for 1523 SPDs in cluster 2 across 25 blocks.
[2026-01-18 09:03:38,117] INFO spindle_dev.test: Built ground-truth paths for 1479 SPDs in cluster 3 across 27 blocks.
[2026-01-18 09:03:42,002] INFO spindle_dev.test: Built ground-truth paths for 1196 SPDs in cluster 4 across 27 blocks.
[2026-01-18 09:03:42,258] INFO spindle_dev.test: Built ground-truth paths for 460 SPDs in cluster 5 across 24 blocks.
[2026-01-18 09:03:42,437] INFO spindle_dev.test: Built ground-truth paths for 414 SPDs in cluster 6 across 25 blocks.
[2026-01-18 09:03:42,440] INFO spindle_dev.test: Built ground-truth paths for 34 SPDs in cluster 7 across 15 blocks.
[2026-01-18 09:03:42,440] INFO spindle_dev.test: Created ground-truth paths for all clusters.
[2026-01-18 09:03:42,440] INFO spindle_dev.test: Search config: SearchConfig(max_results=2, max_failed_starts=5, max_failed_paths=10, total_paths_limit=1000, deterministic=DeterministicConfig(seed=0), debug=False)
[2026-01-18 09:03:42,444] INFO spindle_dev.test: Running sanity search with 200 queries.
Processing file: /data/sarkar_lab/insitupy_demo_data_xenium/xenium_human_brain_cancer.h5ad with 816769 spots and 480 genes.
  0%|          | 0/200 [00:00<?, ?it/s]  0%|          | 1/200 [01:13<4:03:05, 73.29s/it]  1%|          | 2/200 [02:29<4:08:23, 75.27s/it]  2%|▏         | 3/200 [03:46<4:09:45, 76.07s/it]  2%|▏         | 4/200 [04:10<3:01:16, 55.49s/it]  2%|▎         | 5/200 [04:35<2:24:20, 44.41s/it]  3%|▎         | 6/200 [07:14<4:29:17, 83.28s/it]  4%|▎         | 7/200 [09:30<5:23:38, 100.62s/it]  4%|▍         | 8/200 [10:49<4:59:30, 93.60s/it]   4%|▍         | 9/200 [13:26<6:01:25, 113.54s/it]  5%|▌         | 10/200 [14:43<5:23:22, 102.12s/it]  6%|▌         | 11/200 [17:17<6:11:36, 117.97s/it]  6%|▌         | 12/200 [18:17<5:14:21, 100.32s/it]  6%|▋         | 13/200 [20:25<5:39:25, 108.91s/it]  7%|▋         | 14/200 [21:39<5:04:24, 98.19s/it]   8%|▊         | 15/200 [22:54<4:41:53, 91.42s/it]  8%|▊         | 16/200 [24:06<4:22:00, 85.44s/it]  8%|▊         | 17/200 [25:20<4:10:19, 82.07s/it]  9%|▉         | 18/200 [26:35<4:02:00, 79.78s/it] 10%|▉         | 19/200 [26:55<3:06:37, 61.87s/it] 10%|█         | 20/200 [29:26<4:26:29, 88.83s/it] 10%|█         | 21/200 [30:29<4:01:17, 80.88s/it] 11%|█         | 22/200 [30:52<3:08:56, 63.69s/it] 12%|█▏        | 23/200 [33:11<4:14:35, 86.30s/it] 12%|█▏        | 24/200 [33:34<3:16:41, 67.05s/it] 12%|█▎        | 25/200 [36:15<4:38:04, 95.34s/it] 13%|█▎        | 26/200 [38:55<5:32:33, 114.68s/it] 14%|█▎        | 27/200 [41:34<6:09:02, 127.99s/it] 14%|█▍        | 28/200 [42:34<5:08:55, 107.76s/it] 14%|█▍        | 29/200 [45:12<5:50:06, 122.84s/it] 15%|█▌        | 30/200 [46:28<5:08:16, 108.80s/it] 16%|█▌        | 31/200 [48:39<5:24:46, 115.30s/it] 16%|█▌        | 32/200 [49:51<4:46:16, 102.24s/it] 16%|█▋        | 33/200 [51:59<5:06:24, 110.08s/it] 17%|█▋        | 34/200 [54:15<5:25:42, 117.73s/it] 18%|█▊        | 35/200 [55:34<4:52:05, 106.22s/it] 18%|█▊        | 36/200 [57:51<5:15:59, 115.61s/it] 18%|█▊        | 37/200 [58:55<4:31:29, 99.94s/it]  19%|█▉        | 38/200 [1:00:16<4:14:51, 94.39s/it] 20%|█▉        | 39/200 [1:00:41<3:16:52, 73.37s/it] 20%|██        | 40/200 [1:01:57<3:18:12, 74.33s/it] 20%|██        | 41/200 [1:04:12<4:05:14, 92.55s/it] 21%|██        | 42/200 [1:06:49<4:54:17, 111.76s/it] 22%|██▏       | 43/200 [1:09:25<5:27:29, 125.16s/it] 22%|██▏       | 44/200 [1:10:26<4:35:27, 105.94s/it] 22%|██▎       | 45/200 [1:13:01<5:11:19, 120.51s/it] 23%|██▎       | 46/200 [1:14:17<4:34:47, 107.06s/it] 24%|██▎       | 47/200 [1:16:33<4:55:35, 115.92s/it] 24%|██▍       | 48/200 [1:17:49<4:23:29, 104.01s/it] 24%|██▍       | 49/200 [1:20:05<4:45:20, 113.38s/it] 25%|██▌       | 50/200 [1:22:37<5:12:43, 125.09s/it] 26%|██▌       | 51/200 [1:23:53<4:33:51, 110.28s/it] 26%|██▌       | 52/200 [1:26:28<5:05:04, 123.68s/it] 26%|██▋       | 53/200 [1:28:42<5:10:32, 126.75s/it] 27%|██▋       | 54/200 [1:30:57<5:14:49, 129.38s/it] 28%|██▊       | 55/200 [1:31:23<3:57:43, 98.37s/it]  28%|██▊       | 56/200 [1:33:44<4:26:21, 110.98s/it] 28%|██▊       | 57/200 [1:36:02<4:44:17, 119.28s/it] 29%|██▉       | 58/200 [1:38:42<5:10:56, 131.38s/it] 30%|██▉       | 59/200 [1:39:06<3:53:09, 99.21s/it]  30%|███       | 60/200 [1:40:25<3:37:09, 93.07s/it] 30%|███       | 61/200 [1:42:41<4:05:37, 106.02s/it] 31%|███       | 62/200 [1:44:56<4:23:46, 114.69s/it] 32%|███▏      | 63/200 [1:46:11<3:54:39, 102.77s/it] 32%|███▏      | 64/200 [1:48:20<4:10:36, 110.56s/it] 32%|███▎      | 65/200 [1:50:48<4:34:36, 122.05s/it] 33%|███▎      | 66/200 [1:52:56<4:36:01, 123.59s/it] 34%|███▎      | 67/200 [1:55:31<4:55:26, 133.28s/it] 34%|███▍      | 68/200 [1:58:19<5:15:31, 143.42s/it] 34%|███▍      | 69/200 [2:00:42<5:13:00, 143.36s/it] 35%|███▌      | 70/200 [2:03:05<5:10:37, 143.36s/it] 36%|███▌      | 71/200 [2:04:24<4:26:53, 124.14s/it] 36%|███▌      | 72/200 [2:07:03<4:47:02, 134.55s/it] 36%|███▋      | 73/200 [2:08:04<3:57:41, 112.30s/it] 37%|███▋      | 74/200 [2:10:36<4:21:19, 124.44s/it] 38%|███▊      | 75/200 [2:12:47<4:22:50, 126.17s/it] 38%|███▊      | 76/200 [2:14:02<3:49:03, 110.83s/it] 38%|███▊      | 77/200 [2:16:36<4:13:53, 123.85s/it] 39%|███▉      | 78/200 [2:17:53<3:43:26, 109.89s/it] 40%|███▉      | 79/200 [2:20:29<4:09:21, 123.65s/it] 40%|████      | 80/200 [2:21:44<3:37:59, 109.00s/it] 40%|████      | 81/200 [2:22:57<3:14:53, 98.27s/it]  41%|████      | 82/200 [2:25:33<3:47:25, 115.64s/it] 42%|████▏     | 83/200 [2:28:15<4:12:28, 129.47s/it] 42%|████▏     | 84/200 [2:29:36<3:42:12, 114.93s/it] 42%|████▎     | 85/200 [2:30:59<3:21:41, 105.23s/it] 43%|████▎     | 86/200 [2:33:45<3:54:53, 123.62s/it] 44%|████▎     | 87/200 [2:36:34<4:18:35, 137.30s/it] 44%|████▍     | 88/200 [2:37:55<3:44:37, 120.34s/it] 44%|████▍     | 89/200 [2:39:01<3:12:37, 104.12s/it] 45%|████▌     | 90/200 [2:40:21<2:57:11, 96.65s/it]  46%|████▌     | 91/200 [2:42:58<3:28:40, 114.87s/it] 46%|████▌     | 92/200 [2:44:18<3:07:48, 104.34s/it] 46%|████▋     | 93/200 [2:46:38<3:25:30, 115.24s/it] 47%|████▋     | 94/200 [2:47:56<3:03:51, 104.08s/it] 48%|████▊     | 95/200 [2:49:16<2:49:16, 96.72s/it]  48%|████▊     | 96/200 [2:50:31<2:36:31, 90.30s/it] 48%|████▊     | 97/200 [2:53:04<3:07:07, 109.01s/it] 49%|████▉     | 98/200 [2:55:42<3:30:08, 123.62s/it] 50%|████▉     | 99/200 [2:56:59<3:04:38, 109.69s/it] 50%|█████     | 100/200 [2:58:18<2:47:40, 100.61s/it] 50%|█████     | 101/200 [3:00:29<3:01:04, 109.74s/it] 51%|█████     | 102/200 [3:02:44<3:11:37, 117.32s/it] 52%|█████▏    | 103/200 [3:03:45<2:42:17, 100.39s/it] 52%|█████▏    | 104/200 [3:04:08<2:03:19, 77.08s/it]  52%|█████▎    | 105/200 [3:06:41<2:38:21, 100.02s/it] 53%|█████▎    | 106/200 [3:07:58<2:25:37, 92.96s/it]  54%|█████▎    | 107/200 [3:09:15<2:16:53, 88.32s/it] 54%|█████▍    | 108/200 [3:11:57<2:49:18, 110.42s/it] 55%|█████▍    | 109/200 [3:14:41<3:11:51, 126.50s/it] 55%|█████▌    | 110/200 [3:17:02<3:15:58, 130.65s/it] 56%|█████▌    | 111/200 [3:19:45<3:28:08, 140.32s/it] 56%|█████▌    | 112/200 [3:20:08<2:34:23, 105.27s/it] 56%|█████▋    | 113/200 [3:22:23<2:45:43, 114.29s/it] 57%|█████▋    | 114/200 [3:24:39<2:53:00, 120.70s/it] 57%|█████▊    | 115/200 [3:26:55<2:57:35, 125.36s/it] 58%|█████▊    | 116/200 [3:27:57<2:28:43, 106.23s/it] 58%|█████▊    | 117/200 [3:30:31<2:46:51, 120.62s/it] 59%|█████▉    | 118/200 [3:33:04<2:58:07, 130.34s/it] 60%|█████▉    | 119/200 [3:35:17<2:56:47, 130.95s/it] 60%|██████    | 120/200 [3:37:29<2:55:23, 131.55s/it] 60%|██████    | 121/200 [3:37:53<2:10:32, 99.14s/it]  61%|██████    | 122/200 [3:38:17<1:39:23, 76.46s/it] 62%|██████▏   | 123/200 [3:40:53<2:08:58, 100.50s/it] 62%|██████▏   | 124/200 [3:42:07<1:57:20, 92.64s/it]  62%|██████▎   | 125/200 [3:43:08<1:43:48, 83.05s/it] 63%|██████▎   | 126/200 [3:44:24<1:39:53, 81.00s/it] 64%|██████▎   | 127/200 [3:46:32<1:55:43, 95.12s/it] 64%|██████▍   | 128/200 [3:47:48<1:47:06, 89.26s/it] 64%|██████▍   | 129/200 [3:48:10<1:21:51, 69.18s/it] 65%|██████▌   | 130/200 [3:49:22<1:21:41, 70.02s/it] 66%|██████▌   | 131/200 [3:51:53<1:48:14, 94.12s/it] 66%|██████▌   | 132/200 [3:52:14<1:21:54, 72.27s/it] 66%|██████▋   | 133/200 [3:53:27<1:20:56, 72.48s/it] 67%|██████▋   | 134/200 [3:54:41<1:20:22, 73.06s/it] 68%|██████▊   | 135/200 [3:57:11<1:43:59, 95.99s/it] 68%|██████▊   | 136/200 [3:59:26<1:54:56, 107.75s/it] 68%|██████▊   | 137/200 [4:01:56<2:06:29, 120.47s/it] 69%|██████▉   | 138/200 [4:02:15<1:33:01, 90.03s/it]  70%|██████▉   | 139/200 [4:02:34<1:09:54, 68.76s/it] 70%|███████   | 140/200 [4:04:33<1:23:42, 83.71s/it] 70%|███████   | 141/200 [4:05:44<1:18:40, 80.02s/it] 71%|███████   | 142/200 [4:06:58<1:15:39, 78.26s/it] 72%|███████▏  | 143/200 [4:09:07<1:28:37, 93.29s/it] 72%|███████▏  | 144/200 [4:10:20<1:21:21, 87.17s/it] 72%|███████▎  | 145/200 [4:12:53<1:37:59, 106.90s/it] 73%|███████▎  | 146/200 [4:14:08<1:27:43, 97.48s/it]  74%|███████▎  | 147/200 [4:16:16<1:34:05, 106.52s/it] 74%|███████▍  | 148/200 [4:17:29<1:23:37, 96.49s/it]  74%|███████▍  | 149/200 [4:18:26<1:11:55, 84.62s/it] 75%|███████▌  | 150/200 [4:20:49<1:25:16, 102.32s/it] 76%|███████▌  | 151/200 [4:23:16<1:34:27, 115.65s/it] 76%|███████▌  | 152/200 [4:25:23<1:35:09, 118.95s/it] 76%|███████▋  | 153/200 [4:26:21<1:18:57, 100.80s/it] 77%|███████▋  | 154/200 [4:28:47<1:27:38, 114.31s/it] 78%|███████▊  | 155/200 [4:30:57<1:29:19, 119.09s/it] 78%|███████▊  | 156/200 [4:32:09<1:16:49, 104.75s/it] 78%|███████▊  | 157/200 [4:33:22<1:08:21, 95.37s/it]  79%|███████▉  | 158/200 [4:34:36<1:02:21, 89.08s/it] 80%|███████▉  | 159/200 [4:35:48<57:20, 83.91s/it]   80%|████████  | 160/200 [4:38:19<1:09:11, 103.79s/it] 80%|████████  | 161/200 [4:40:22<1:11:15, 109.64s/it] 81%|████████  | 162/200 [4:40:42<52:21, 82.67s/it]    82%|████████▏ | 163/200 [4:42:41<57:47, 93.72s/it] 82%|████████▏ | 164/200 [4:45:00<1:04:21, 107.25s/it] 82%|████████▎ | 165/200 [4:47:22<1:08:44, 117.85s/it] 83%|████████▎ | 166/200 [4:49:29<1:08:20, 120.61s/it] 84%|████████▎ | 167/200 [4:49:53<50:14, 91.35s/it]    84%|████████▍ | 168/200 [4:52:04<55:04, 103.27s/it] 84%|████████▍ | 169/200 [4:53:04<46:42, 90.39s/it]  85%|████████▌ | 170/200 [4:55:10<50:36, 101.22s/it] 86%|████████▌ | 171/200 [4:57:16<52:25, 108.46s/it] 86%|████████▌ | 172/200 [4:58:13<43:26, 93.11s/it]  86%|████████▋ | 173/200 [4:59:10<36:58, 82.18s/it] 87%|████████▋ | 174/200 [5:00:07<32:18, 74.57s/it] 88%|████████▊ | 175/200 [5:02:29<39:34, 94.98s/it] 88%|████████▊ | 176/200 [5:04:31<41:10, 102.93s/it] 88%|████████▊ | 177/200 [5:06:52<43:49, 114.33s/it] 89%|████████▉ | 178/200 [5:08:01<36:56, 100.74s/it] 90%|████████▉ | 179/200 [5:10:25<39:47, 113.70s/it] 90%|█████████ | 180/200 [5:11:33<33:19, 99.98s/it]  90%|█████████ | 181/200 [5:13:58<35:59, 113.67s/it] 91%|█████████ | 182/200 [5:16:00<34:49, 116.08s/it] 92%|█████████▏| 183/200 [5:18:21<35:00, 123.56s/it] 92%|█████████▏| 184/200 [5:20:25<33:00, 123.80s/it] 92%|█████████▎| 185/200 [5:22:31<31:05, 124.35s/it] 93%|█████████▎| 186/200 [5:25:07<31:15, 133.94s/it] 94%|█████████▎| 187/200 [5:26:23<25:12, 116.37s/it] 94%|█████████▍| 188/200 [5:27:33<20:31, 102.63s/it] 94%|█████████▍| 189/200 [5:28:44<17:04, 93.09s/it]  95%|█████████▌| 190/200 [5:30:49<17:05, 102.56s/it] 96%|█████████▌| 191/200 [5:32:56<16:29, 109.96s/it] 96%|█████████▌| 192/200 [5:35:10<15:38, 117.35s/it] 96%|█████████▋| 193/200 [5:37:21<14:08, 121.26s/it] 97%|█████████▋| 194/200 [5:39:30<12:21, 123.51s/it] 98%|█████████▊| 195/200 [5:41:38<10:24, 124.85s/it] 98%|█████████▊| 196/200 [5:42:51<07:17, 109.32s/it] 98%|█████████▊| 197/200 [5:45:23<06:06, 122.25s/it] 99%|█████████▉| 198/200 [5:47:31<04:08, 124.09s/it]100%|█████████▉| 199/200 [5:48:30<01:44, 104.45s/it]100%|██████████| 200/200 [5:48:53<00:00, 80.01s/it] 100%|██████████| 200/200 [5:48:53<00:00, 104.67s/it]
[2026-01-18 14:52:36,073] INFO spindle_dev.test: Sanity search: 200 queries, 200 exact path matches, 200 leaf matches, mean search_time=0.0088s
Completed: /data/sarkar_lab/insitupy_demo_data_xenium/xenium_human_brain_cancer.h5ad
✓ Successfully processed: /data/sarkar_lab/insitupy_demo_data_xenium/xenium_human_brain_cancer.h5ad
